Archive member included because of file (symbol)

d:/hazim/01- embedded systems avr tools/01- imt sdk/imt_sdk_win_64/imt_sdk_win_64/winavr/bin/../lib/gcc/avr/4.3.3/avr5\libgcc.a(_mulsi3.o)
                              ./MCAL/ADC/Source/ADC_Imp.o (__mulsi3)
d:/hazim/01- embedded systems avr tools/01- imt sdk/imt_sdk_win_64/imt_sdk_win_64/winavr/bin/../lib/gcc/avr/4.3.3/avr5\libgcc.a(_divmodqi4.o)
                              ./HAL/SevSeg/Source/SevSeg_Imp.o (__divmodqi4)
d:/hazim/01- embedded systems avr tools/01- imt sdk/imt_sdk_win_64/imt_sdk_win_64/winavr/bin/../lib/gcc/avr/4.3.3/avr5\libgcc.a(_divmodsi4.o)
                              ./HAL/LCD/Source/LCD_Imp.o (__divmodsi4)
d:/hazim/01- embedded systems avr tools/01- imt sdk/imt_sdk_win_64/imt_sdk_win_64/winavr/bin/../lib/gcc/avr/4.3.3/avr5\libgcc.a(_exit.o)
                              d:/hazim/01- embedded systems avr tools/01- imt sdk/imt_sdk_win_64/imt_sdk_win_64/winavr/bin/../lib/gcc/avr/4.3.3/../../../../avr/lib/avr5/crtm32.o (exit)
d:/hazim/01- embedded systems avr tools/01- imt sdk/imt_sdk_win_64/imt_sdk_win_64/winavr/bin/../lib/gcc/avr/4.3.3/avr5\libgcc.a(_copy_data.o)
                              ./Services/BCM/Source/BCM_Imp.o (__do_copy_data)
d:/hazim/01- embedded systems avr tools/01- imt sdk/imt_sdk_win_64/imt_sdk_win_64/winavr/bin/../lib/gcc/avr/4.3.3/avr5\libgcc.a(_clear_bss.o)
                              ./Services/BCM/Source/BCM_Imp.o (__do_clear_bss)
d:/hazim/01- embedded systems avr tools/01- imt sdk/imt_sdk_win_64/imt_sdk_win_64/winavr/bin/../lib/gcc/avr/4.3.3/avr5\libgcc.a(_fixunssfsi.o)
                              ./MCAL/ADC/Source/ADC_Imp.o (__fixunssfsi)
d:/hazim/01- embedded systems avr tools/01- imt sdk/imt_sdk_win_64/imt_sdk_win_64/winavr/bin/../lib/gcc/avr/4.3.3/avr5\libgcc.a(_addsub_sf.o)
                              d:/hazim/01- embedded systems avr tools/01- imt sdk/imt_sdk_win_64/imt_sdk_win_64/winavr/bin/../lib/gcc/avr/4.3.3/avr5\libgcc.a(_fixunssfsi.o) (__subsf3)
d:/hazim/01- embedded systems avr tools/01- imt sdk/imt_sdk_win_64/imt_sdk_win_64/winavr/bin/../lib/gcc/avr/4.3.3/avr5\libgcc.a(_mul_sf.o)
                              ./MCAL/ADC/Source/ADC_Imp.o (__mulsf3)
d:/hazim/01- embedded systems avr tools/01- imt sdk/imt_sdk_win_64/imt_sdk_win_64/winavr/bin/../lib/gcc/avr/4.3.3/avr5\libgcc.a(_div_sf.o)
                              ./MCAL/ADC/Source/ADC_Imp.o (__divsf3)
d:/hazim/01- embedded systems avr tools/01- imt sdk/imt_sdk_win_64/imt_sdk_win_64/winavr/bin/../lib/gcc/avr/4.3.3/avr5\libgcc.a(_gt_sf.o)
                              ./HAL/SevSeg/Source/SevSeg_Imp.o (__gtsf2)
d:/hazim/01- embedded systems avr tools/01- imt sdk/imt_sdk_win_64/imt_sdk_win_64/winavr/bin/../lib/gcc/avr/4.3.3/avr5\libgcc.a(_ge_sf.o)
                              d:/hazim/01- embedded systems avr tools/01- imt sdk/imt_sdk_win_64/imt_sdk_win_64/winavr/bin/../lib/gcc/avr/4.3.3/avr5\libgcc.a(_fixunssfsi.o) (__gesf2)
d:/hazim/01- embedded systems avr tools/01- imt sdk/imt_sdk_win_64/imt_sdk_win_64/winavr/bin/../lib/gcc/avr/4.3.3/avr5\libgcc.a(_lt_sf.o)
                              ./HAL/SevSeg/Source/SevSeg_Imp.o (__ltsf2)
d:/hazim/01- embedded systems avr tools/01- imt sdk/imt_sdk_win_64/imt_sdk_win_64/winavr/bin/../lib/gcc/avr/4.3.3/avr5\libgcc.a(_sf_to_si.o)
                              ./HAL/LCD/Source/LCD_Imp.o (__fixsfsi)
d:/hazim/01- embedded systems avr tools/01- imt sdk/imt_sdk_win_64/imt_sdk_win_64/winavr/bin/../lib/gcc/avr/4.3.3/avr5\libgcc.a(_thenan_sf.o)
                              d:/hazim/01- embedded systems avr tools/01- imt sdk/imt_sdk_win_64/imt_sdk_win_64/winavr/bin/../lib/gcc/avr/4.3.3/avr5\libgcc.a(_addsub_sf.o) (__thenan_sf)
d:/hazim/01- embedded systems avr tools/01- imt sdk/imt_sdk_win_64/imt_sdk_win_64/winavr/bin/../lib/gcc/avr/4.3.3/avr5\libgcc.a(_usi_to_sf.o)
                              ./MCAL/ADC/Source/ADC_Imp.o (__floatunsisf)
d:/hazim/01- embedded systems avr tools/01- imt sdk/imt_sdk_win_64/imt_sdk_win_64/winavr/bin/../lib/gcc/avr/4.3.3/avr5\libgcc.a(_udivmodqi4.o)
                              d:/hazim/01- embedded systems avr tools/01- imt sdk/imt_sdk_win_64/imt_sdk_win_64/winavr/bin/../lib/gcc/avr/4.3.3/avr5\libgcc.a(_divmodqi4.o) (__udivmodqi4)
d:/hazim/01- embedded systems avr tools/01- imt sdk/imt_sdk_win_64/imt_sdk_win_64/winavr/bin/../lib/gcc/avr/4.3.3/avr5\libgcc.a(_udivmodsi4.o)
                              d:/hazim/01- embedded systems avr tools/01- imt sdk/imt_sdk_win_64/imt_sdk_win_64/winavr/bin/../lib/gcc/avr/4.3.3/avr5\libgcc.a(_divmodsi4.o) (__udivmodsi4)
d:/hazim/01- embedded systems avr tools/01- imt sdk/imt_sdk_win_64/imt_sdk_win_64/winavr/bin/../lib/gcc/avr/4.3.3/avr5\libgcc.a(_prologue.o)
                              d:/hazim/01- embedded systems avr tools/01- imt sdk/imt_sdk_win_64/imt_sdk_win_64/winavr/bin/../lib/gcc/avr/4.3.3/avr5\libgcc.a(_addsub_sf.o) (__prologue_saves__)
d:/hazim/01- embedded systems avr tools/01- imt sdk/imt_sdk_win_64/imt_sdk_win_64/winavr/bin/../lib/gcc/avr/4.3.3/avr5\libgcc.a(_epilogue.o)
                              d:/hazim/01- embedded systems avr tools/01- imt sdk/imt_sdk_win_64/imt_sdk_win_64/winavr/bin/../lib/gcc/avr/4.3.3/avr5\libgcc.a(_addsub_sf.o) (__epilogue_restores__)
d:/hazim/01- embedded systems avr tools/01- imt sdk/imt_sdk_win_64/imt_sdk_win_64/winavr/bin/../lib/gcc/avr/4.3.3/avr5\libgcc.a(_clzsi2.o)
                              d:/hazim/01- embedded systems avr tools/01- imt sdk/imt_sdk_win_64/imt_sdk_win_64/winavr/bin/../lib/gcc/avr/4.3.3/avr5\libgcc.a(_usi_to_sf.o) (__clzsi2)
d:/hazim/01- embedded systems avr tools/01- imt sdk/imt_sdk_win_64/imt_sdk_win_64/winavr/bin/../lib/gcc/avr/4.3.3/avr5\libgcc.a(_pack_sf.o)
                              d:/hazim/01- embedded systems avr tools/01- imt sdk/imt_sdk_win_64/imt_sdk_win_64/winavr/bin/../lib/gcc/avr/4.3.3/avr5\libgcc.a(_addsub_sf.o) (__pack_f)
d:/hazim/01- embedded systems avr tools/01- imt sdk/imt_sdk_win_64/imt_sdk_win_64/winavr/bin/../lib/gcc/avr/4.3.3/avr5\libgcc.a(_unpack_sf.o)
                              d:/hazim/01- embedded systems avr tools/01- imt sdk/imt_sdk_win_64/imt_sdk_win_64/winavr/bin/../lib/gcc/avr/4.3.3/avr5\libgcc.a(_addsub_sf.o) (__unpack_f)
d:/hazim/01- embedded systems avr tools/01- imt sdk/imt_sdk_win_64/imt_sdk_win_64/winavr/bin/../lib/gcc/avr/4.3.3/avr5\libgcc.a(_fpcmp_parts_sf.o)
                              d:/hazim/01- embedded systems avr tools/01- imt sdk/imt_sdk_win_64/imt_sdk_win_64/winavr/bin/../lib/gcc/avr/4.3.3/avr5\libgcc.a(_gt_sf.o) (__fpcmp_parts_f)
d:/hazim/01- embedded systems avr tools/01- imt sdk/imt_sdk_win_64/imt_sdk_win_64/winavr/bin/../lib/gcc/avr/4.3.3/avr5\libgcc.a(_clz.o)
                              d:/hazim/01- embedded systems avr tools/01- imt sdk/imt_sdk_win_64/imt_sdk_win_64/winavr/bin/../lib/gcc/avr/4.3.3/avr5\libgcc.a(_clzsi2.o) (__clz_tab)

Memory Configuration

Name             Origin             Length             Attributes
text             0x00000000         0x00020000         xr
data             0x00800060         0x0000ffa0         rw !x
eeprom           0x00810000         0x00010000         rw !x
fuse             0x00820000         0x00000400         rw !x
lock             0x00830000         0x00000400         rw !x
signature        0x00840000         0x00000400         rw !x
*default*        0x00000000         0xffffffff

Linker script and memory map

LOAD d:/hazim/01- embedded systems avr tools/01- imt sdk/imt_sdk_win_64/imt_sdk_win_64/winavr/bin/../lib/gcc/avr/4.3.3/../../../../avr/lib/avr5/crtm32.o
LOAD ./Services/BCM/Source/BCM_Imp.o
LOAD ./MCAL/USART/Source/USART_Imp.o
LOAD ./MCAL/TMR2/Source/TMR2_Imp.o
LOAD ./MCAL/TMR1/Source/TMR1_Imp.o
LOAD ./MCAL/TMR0/Source/TMR0_Imp.o
LOAD ./MCAL/SPI/Source/SPI_Imp.o
LOAD ./MCAL/I2C/Source/I2C_Imp.o
LOAD ./MCAL/GIE/Source/GIE_Imp.o
LOAD ./MCAL/EXTI/Source/EXTI_Imp.o
LOAD ./MCAL/DIO/Source/DIO_Imp.o
LOAD ./MCAL/ADC/Source/ADC_Imp.o
LOAD ./HAL/SevSeg/Source/SevSeg_Imp.o
LOAD ./HAL/LCD/Source/LCD_Imp.o
LOAD ./HAL/Keypad/Source/Keypad_Imp.o
LOAD ./App/main.o
LOAD d:/hazim/01- embedded systems avr tools/01- imt sdk/imt_sdk_win_64/imt_sdk_win_64/winavr/bin/../lib/gcc/avr/4.3.3/avr5\libgcc.a
LOAD d:/hazim/01- embedded systems avr tools/01- imt sdk/imt_sdk_win_64/imt_sdk_win_64/winavr/bin/../lib/gcc/avr/4.3.3/../../../../avr/lib/avr5\libc.a
LOAD d:/hazim/01- embedded systems avr tools/01- imt sdk/imt_sdk_win_64/imt_sdk_win_64/winavr/bin/../lib/gcc/avr/4.3.3/avr5\libgcc.a

.hash
 *(.hash)

.dynsym
 *(.dynsym)

.dynstr
 *(.dynstr)

.gnu.version
 *(.gnu.version)

.gnu.version_d
 *(.gnu.version_d)

.gnu.version_r
 *(.gnu.version_r)

.rel.init
 *(.rel.init)

.rela.init
 *(.rela.init)

.rel.text
 *(.rel.text)
 *(.rel.text.*)
 *(.rel.gnu.linkonce.t*)

.rela.text
 *(.rela.text)
 *(.rela.text.*)
 *(.rela.gnu.linkonce.t*)

.rel.fini
 *(.rel.fini)

.rela.fini
 *(.rela.fini)

.rel.rodata
 *(.rel.rodata)
 *(.rel.rodata.*)
 *(.rel.gnu.linkonce.r*)

.rela.rodata
 *(.rela.rodata)
 *(.rela.rodata.*)
 *(.rela.gnu.linkonce.r*)

.rel.data
 *(.rel.data)
 *(.rel.data.*)
 *(.rel.gnu.linkonce.d*)

.rela.data
 *(.rela.data)
 *(.rela.data.*)
 *(.rela.gnu.linkonce.d*)

.rel.ctors
 *(.rel.ctors)

.rela.ctors
 *(.rela.ctors)

.rel.dtors
 *(.rel.dtors)

.rela.dtors
 *(.rela.dtors)

.rel.got
 *(.rel.got)

.rela.got
 *(.rela.got)

.rel.bss
 *(.rel.bss)

.rela.bss
 *(.rela.bss)

.rel.plt
 *(.rel.plt)

.rela.plt
 *(.rela.plt)

.text           0x00000000     0x6bc6
 *(.vectors)
 .vectors       0x00000000       0x54 d:/hazim/01- embedded systems avr tools/01- imt sdk/imt_sdk_win_64/imt_sdk_win_64/winavr/bin/../lib/gcc/avr/4.3.3/../../../../avr/lib/avr5/crtm32.o
                0x00000000                __vectors
                0x00000000                __vector_default
 *(.vectors)
 *(.progmem.gcc*)
 *(.progmem*)
                0x00000054                . = ALIGN (0x2)
                0x00000054                __trampolines_start = .
 *(.trampolines)
 .trampolines   0x00000054        0x0 linker stubs
 *(.trampolines*)
                0x00000054                __trampolines_end = .
 *(.jumptables)
 *(.jumptables*)
 *(.lowtext)
 *(.lowtext*)
                0x00000054                __ctors_start = .
 *(.ctors)
                0x00000054                __ctors_end = .
                0x00000054                __dtors_start = .
 *(.dtors)
                0x00000054                __dtors_end = .
 SORT(*)(.ctors)
 SORT(*)(.dtors)
 *(.init0)
 .init0         0x00000054        0x0 d:/hazim/01- embedded systems avr tools/01- imt sdk/imt_sdk_win_64/imt_sdk_win_64/winavr/bin/../lib/gcc/avr/4.3.3/../../../../avr/lib/avr5/crtm32.o
                0x00000054                __init
 *(.init0)
 *(.init1)
 *(.init1)
 *(.init2)
 .init2         0x00000054        0xc d:/hazim/01- embedded systems avr tools/01- imt sdk/imt_sdk_win_64/imt_sdk_win_64/winavr/bin/../lib/gcc/avr/4.3.3/../../../../avr/lib/avr5/crtm32.o
 *(.init2)
 *(.init3)
 *(.init3)
 *(.init4)
 .init4         0x00000060       0x16 d:/hazim/01- embedded systems avr tools/01- imt sdk/imt_sdk_win_64/imt_sdk_win_64/winavr/bin/../lib/gcc/avr/4.3.3/avr5\libgcc.a(_copy_data.o)
                0x00000060                __do_copy_data
 .init4         0x00000076       0x10 d:/hazim/01- embedded systems avr tools/01- imt sdk/imt_sdk_win_64/imt_sdk_win_64/winavr/bin/../lib/gcc/avr/4.3.3/avr5\libgcc.a(_clear_bss.o)
                0x00000076                __do_clear_bss
 *(.init4)
 *(.init5)
 *(.init5)
 *(.init6)
 *(.init6)
 *(.init7)
 *(.init7)
 *(.init8)
 *(.init8)
 *(.init9)
 .init9         0x00000086        0x8 d:/hazim/01- embedded systems avr tools/01- imt sdk/imt_sdk_win_64/imt_sdk_win_64/winavr/bin/../lib/gcc/avr/4.3.3/../../../../avr/lib/avr5/crtm32.o
 *(.init9)
 *(.text)
 .text          0x0000008e        0x4 d:/hazim/01- embedded systems avr tools/01- imt sdk/imt_sdk_win_64/imt_sdk_win_64/winavr/bin/../lib/gcc/avr/4.3.3/../../../../avr/lib/avr5/crtm32.o
                0x0000008e                __bad_interrupt
                0x0000008e                __vector_17
                0x0000008e                __vector_7
                0x0000008e                __vector_9
                0x0000008e                __vector_8
                0x0000008e                __vector_18
                0x0000008e                __vector_20
 .text          0x00000092        0x0 ./Services/BCM/Source/BCM_Imp.o
 .text          0x00000092        0x0 ./MCAL/USART/Source/USART_Imp.o
 .text          0x00000092        0x0 ./MCAL/TMR2/Source/TMR2_Imp.o
 .text          0x00000092        0x0 ./MCAL/TMR1/Source/TMR1_Imp.o
 .text          0x00000092        0x0 ./MCAL/TMR0/Source/TMR0_Imp.o
 .text          0x00000092        0x0 ./MCAL/SPI/Source/SPI_Imp.o
 .text          0x00000092        0x0 ./MCAL/I2C/Source/I2C_Imp.o
 .text          0x00000092        0x0 ./MCAL/GIE/Source/GIE_Imp.o
 .text          0x00000092        0x0 ./MCAL/EXTI/Source/EXTI_Imp.o
 .text          0x00000092        0x0 ./MCAL/DIO/Source/DIO_Imp.o
 .text          0x00000092        0x0 ./MCAL/ADC/Source/ADC_Imp.o
 .text          0x00000092        0x0 ./HAL/SevSeg/Source/SevSeg_Imp.o
 .text          0x00000092        0x0 ./HAL/LCD/Source/LCD_Imp.o
 .text          0x00000092        0x0 ./HAL/Keypad/Source/Keypad_Imp.o
 .text          0x00000092        0x0 ./App/main.o
 .text          0x00000092        0x0 d:/hazim/01- embedded systems avr tools/01- imt sdk/imt_sdk_win_64/imt_sdk_win_64/winavr/bin/../lib/gcc/avr/4.3.3/avr5\libgcc.a(_mulsi3.o)
 .text          0x00000092        0x0 d:/hazim/01- embedded systems avr tools/01- imt sdk/imt_sdk_win_64/imt_sdk_win_64/winavr/bin/../lib/gcc/avr/4.3.3/avr5\libgcc.a(_divmodqi4.o)
 .text          0x00000092        0x0 d:/hazim/01- embedded systems avr tools/01- imt sdk/imt_sdk_win_64/imt_sdk_win_64/winavr/bin/../lib/gcc/avr/4.3.3/avr5\libgcc.a(_divmodsi4.o)
 .text          0x00000092        0x0 d:/hazim/01- embedded systems avr tools/01- imt sdk/imt_sdk_win_64/imt_sdk_win_64/winavr/bin/../lib/gcc/avr/4.3.3/avr5\libgcc.a(_exit.o)
 .text          0x00000092        0x0 d:/hazim/01- embedded systems avr tools/01- imt sdk/imt_sdk_win_64/imt_sdk_win_64/winavr/bin/../lib/gcc/avr/4.3.3/avr5\libgcc.a(_copy_data.o)
 .text          0x00000092        0x0 d:/hazim/01- embedded systems avr tools/01- imt sdk/imt_sdk_win_64/imt_sdk_win_64/winavr/bin/../lib/gcc/avr/4.3.3/avr5\libgcc.a(_clear_bss.o)
 .text          0x00000092       0x58 d:/hazim/01- embedded systems avr tools/01- imt sdk/imt_sdk_win_64/imt_sdk_win_64/winavr/bin/../lib/gcc/avr/4.3.3/avr5\libgcc.a(_fixunssfsi.o)
                0x00000092                __fixunssfsi
 .text          0x000000ea      0x354 d:/hazim/01- embedded systems avr tools/01- imt sdk/imt_sdk_win_64/imt_sdk_win_64/winavr/bin/../lib/gcc/avr/4.3.3/avr5\libgcc.a(_addsub_sf.o)
                0x00000382                __subsf3
                0x000003e4                __addsf3
 .text          0x0000043e      0x1f4 d:/hazim/01- embedded systems avr tools/01- imt sdk/imt_sdk_win_64/imt_sdk_win_64/winavr/bin/../lib/gcc/avr/4.3.3/avr5\libgcc.a(_mul_sf.o)
                0x0000043e                __mulsf3
 .text          0x00000632      0x158 d:/hazim/01- embedded systems avr tools/01- imt sdk/imt_sdk_win_64/imt_sdk_win_64/winavr/bin/../lib/gcc/avr/4.3.3/avr5\libgcc.a(_div_sf.o)
                0x00000632                __divsf3
 .text          0x0000078a       0x60 d:/hazim/01- embedded systems avr tools/01- imt sdk/imt_sdk_win_64/imt_sdk_win_64/winavr/bin/../lib/gcc/avr/4.3.3/avr5\libgcc.a(_gt_sf.o)
                0x0000078a                __gtsf2
 .text          0x000007ea       0x60 d:/hazim/01- embedded systems avr tools/01- imt sdk/imt_sdk_win_64/imt_sdk_win_64/winavr/bin/../lib/gcc/avr/4.3.3/avr5\libgcc.a(_ge_sf.o)
                0x000007ea                __gesf2
 .text          0x0000084a       0x60 d:/hazim/01- embedded systems avr tools/01- imt sdk/imt_sdk_win_64/imt_sdk_win_64/winavr/bin/../lib/gcc/avr/4.3.3/avr5\libgcc.a(_lt_sf.o)
                0x0000084a                __ltsf2
 .text          0x000008aa       0xa8 d:/hazim/01- embedded systems avr tools/01- imt sdk/imt_sdk_win_64/imt_sdk_win_64/winavr/bin/../lib/gcc/avr/4.3.3/avr5\libgcc.a(_sf_to_si.o)
                0x000008aa                __fixsfsi
 .text          0x00000952        0x0 d:/hazim/01- embedded systems avr tools/01- imt sdk/imt_sdk_win_64/imt_sdk_win_64/winavr/bin/../lib/gcc/avr/4.3.3/avr5\libgcc.a(_thenan_sf.o)
 .text          0x00000952       0xf2 d:/hazim/01- embedded systems avr tools/01- imt sdk/imt_sdk_win_64/imt_sdk_win_64/winavr/bin/../lib/gcc/avr/4.3.3/avr5\libgcc.a(_usi_to_sf.o)
                0x00000952                __floatunsisf
 .text          0x00000a44        0x0 d:/hazim/01- embedded systems avr tools/01- imt sdk/imt_sdk_win_64/imt_sdk_win_64/winavr/bin/../lib/gcc/avr/4.3.3/avr5\libgcc.a(_udivmodqi4.o)
 .text          0x00000a44        0x0 d:/hazim/01- embedded systems avr tools/01- imt sdk/imt_sdk_win_64/imt_sdk_win_64/winavr/bin/../lib/gcc/avr/4.3.3/avr5\libgcc.a(_udivmodsi4.o)
 .text          0x00000a44        0x0 d:/hazim/01- embedded systems avr tools/01- imt sdk/imt_sdk_win_64/imt_sdk_win_64/winavr/bin/../lib/gcc/avr/4.3.3/avr5\libgcc.a(_prologue.o)
 .text          0x00000a44        0x0 d:/hazim/01- embedded systems avr tools/01- imt sdk/imt_sdk_win_64/imt_sdk_win_64/winavr/bin/../lib/gcc/avr/4.3.3/avr5\libgcc.a(_epilogue.o)
 .text          0x00000a44       0x9e d:/hazim/01- embedded systems avr tools/01- imt sdk/imt_sdk_win_64/imt_sdk_win_64/winavr/bin/../lib/gcc/avr/4.3.3/avr5\libgcc.a(_clzsi2.o)
                0x00000a44                __clzsi2
 .text          0x00000ae2      0x1aa d:/hazim/01- embedded systems avr tools/01- imt sdk/imt_sdk_win_64/imt_sdk_win_64/winavr/bin/../lib/gcc/avr/4.3.3/avr5\libgcc.a(_pack_sf.o)
                0x00000ae2                __pack_f
 .text          0x00000c8c       0xf0 d:/hazim/01- embedded systems avr tools/01- imt sdk/imt_sdk_win_64/imt_sdk_win_64/winavr/bin/../lib/gcc/avr/4.3.3/avr5\libgcc.a(_unpack_sf.o)
                0x00000c8c                __unpack_f
 .text          0x00000d7c       0xb2 d:/hazim/01- embedded systems avr tools/01- imt sdk/imt_sdk_win_64/imt_sdk_win_64/winavr/bin/../lib/gcc/avr/4.3.3/avr5\libgcc.a(_fpcmp_parts_sf.o)
                0x00000d7c                __fpcmp_parts_f
 .text          0x00000e2e        0x0 d:/hazim/01- embedded systems avr tools/01- imt sdk/imt_sdk_win_64/imt_sdk_win_64/winavr/bin/../lib/gcc/avr/4.3.3/avr5\libgcc.a(_clz.o)
                0x00000e2e                . = ALIGN (0x2)
 *(.text.*)
 .text.BCM_voidResetState
                0x00000e2e       0xc6 ./Services/BCM/Source/BCM_Imp.o
 .text.USARTTransmissionDone
                0x00000ef4       0x9a ./Services/BCM/Source/BCM_Imp.o
 .text.SPITransmissionDone
                0x00000f8e       0x9a ./Services/BCM/Source/BCM_Imp.o
 .text.I2CTransmissionDone
                0x00001028       0x9a ./Services/BCM/Source/BCM_Imp.o
 .text.I2C_Callback
                0x000010c2      0x224 ./Services/BCM/Source/BCM_Imp.o
 .text.BCM_structLoadData
                0x000012e6       0xd8 ./Services/BCM/Source/BCM_Imp.o
 .text.BCM_voidAddProtocol
                0x000013be      0x122 ./Services/BCM/Source/BCM_Imp.o
 .text.BCM_voidCheckAndStart
                0x000014e0      0x1c4 ./Services/BCM/Source/BCM_Imp.o
 .text.BCM_voidInit
                0x000016a4       0x3a ./Services/BCM/Source/BCM_Imp.o
                0x000016a4                BCM_voidInit
 .text.BCM_voidAddToQueue
                0x000016de      0x190 ./Services/BCM/Source/BCM_Imp.o
                0x000016de                BCM_voidAddToQueue
 .text.BCM_voidSendQueuedData
                0x0000186e       0x5e ./Services/BCM/Source/BCM_Imp.o
                0x0000186e                BCM_voidSendQueuedData
 .text.USART_voidInit
                0x000018cc       0xc4 ./MCAL/USART/Source/USART_Imp.o
                0x000018cc                USART_voidInit
 .text.USART_voidEnableUDREInterrupt
                0x00001990       0x1c ./MCAL/USART/Source/USART_Imp.o
                0x00001990                USART_voidEnableUDREInterrupt
 .text.USART_voidDisableUDREInterrupt
                0x000019ac       0x1c ./MCAL/USART/Source/USART_Imp.o
                0x000019ac                USART_voidDisableUDREInterrupt
 .text.USART_voidEnableRXCInterrupt
                0x000019c8       0x1c ./MCAL/USART/Source/USART_Imp.o
                0x000019c8                USART_voidEnableRXCInterrupt
 .text.USART_voidDisableRXCInterrupt
                0x000019e4       0x1c ./MCAL/USART/Source/USART_Imp.o
                0x000019e4                USART_voidDisableRXCInterrupt
 .text.USART_voidEnableTXCInterrupt
                0x00001a00       0x1c ./MCAL/USART/Source/USART_Imp.o
                0x00001a00                USART_voidEnableTXCInterrupt
 .text.USART_voidDisableTXCInterrupt
                0x00001a1c       0x1c ./MCAL/USART/Source/USART_Imp.o
                0x00001a1c                USART_voidDisableTXCInterrupt
 .text.USART_voidSendByte
                0x00001a38       0x34 ./MCAL/USART/Source/USART_Imp.o
                0x00001a38                USART_voidSendByte
 .text.USART_voidSendInterruptByte
                0x00001a6c       0x1c ./MCAL/USART/Source/USART_Imp.o
                0x00001a6c                USART_voidSendInterruptByte
 .text.USART_u8ReceiveInterruptByte
                0x00001a88       0x14 ./MCAL/USART/Source/USART_Imp.o
                0x00001a88                USART_u8ReceiveInterruptByte
 .text.USART_u8ReceiveByte
                0x00001a9c       0x1e ./MCAL/USART/Source/USART_Imp.o
                0x00001a9c                USART_u8ReceiveByte
 .text.USART_voidSendString
                0x00001aba       0x38 ./MCAL/USART/Source/USART_Imp.o
                0x00001aba                USART_voidSendString
 .text.USART_voidReceiveString
                0x00001af2       0x6e ./MCAL/USART/Source/USART_Imp.o
                0x00001af2                USART_voidReceiveString
 .text.USART_voidRXCSetCallBack
                0x00001b60       0x24 ./MCAL/USART/Source/USART_Imp.o
                0x00001b60                USART_voidRXCSetCallBack
 .text.USART_voidTXCSetCallBack
                0x00001b84       0x24 ./MCAL/USART/Source/USART_Imp.o
                0x00001b84                USART_voidTXCSetCallBack
 .text.USART_voidUDRESetCallBack
                0x00001ba8       0x24 ./MCAL/USART/Source/USART_Imp.o
                0x00001ba8                USART_voidUDRESetCallBack
 .text.__vector_13
                0x00001bcc       0x66 ./MCAL/USART/Source/USART_Imp.o
                0x00001bcc                __vector_13
 .text.__vector_14
                0x00001c32       0x66 ./MCAL/USART/Source/USART_Imp.o
                0x00001c32                __vector_14
 .text.__vector_15
                0x00001c98       0x66 ./MCAL/USART/Source/USART_Imp.o
                0x00001c98                __vector_15
 .text.TMR2_voidInit
                0x00001cfe       0x62 ./MCAL/TMR2/Source/TMR2_Imp.o
                0x00001cfe                TMR2_voidInit
 .text.TMR2_voidSetDuty
                0x00001d60       0x1c ./MCAL/TMR2/Source/TMR2_Imp.o
                0x00001d60                TMR2_voidSetDuty
 .text.TMR2_voidTimer2CTCSetCallBack
                0x00001d7c       0x24 ./MCAL/TMR2/Source/TMR2_Imp.o
                0x00001d7c                TMR2_voidTimer2CTCSetCallBack
 .text.TMR2_voidTimer2OVSetCallBack
                0x00001da0       0x24 ./MCAL/TMR2/Source/TMR2_Imp.o
                0x00001da0                TMR2_voidTimer2OVSetCallBack
 .text.TMR2_voidSetBusyWait
                0x00001dc4       0x7a ./MCAL/TMR2/Source/TMR2_Imp.o
                0x00001dc4                TMR2_voidSetBusyWait
 .text.TMR2_u8GetTCNT
                0x00001e3e       0x14 ./MCAL/TMR2/Source/TMR2_Imp.o
                0x00001e3e                TMR2_u8GetTCNT
 .text.TMR2_voidSetTCNT
                0x00001e52       0x1c ./MCAL/TMR2/Source/TMR2_Imp.o
                0x00001e52                TMR2_voidSetTCNT
 .text.__vector_5
                0x00001e6e       0x66 ./MCAL/TMR2/Source/TMR2_Imp.o
                0x00001e6e                __vector_5
 .text.__vector_4
                0x00001ed4       0x66 ./MCAL/TMR2/Source/TMR2_Imp.o
                0x00001ed4                __vector_4
 .text.TMR1_voidInit
                0x00001f3a       0x7e ./MCAL/TMR1/Source/TMR1_Imp.o
                0x00001f3a                TMR1_voidInit
 .text.TMR1_voidSetICR
                0x00001fb8       0x24 ./MCAL/TMR1/Source/TMR1_Imp.o
                0x00001fb8                TMR1_voidSetICR
 .text.TMR1_voidSetTimerValue
                0x00001fdc       0x24 ./MCAL/TMR1/Source/TMR1_Imp.o
                0x00001fdc                TMR1_voidSetTimerValue
 .text.TMR1_u16ReadTimerValue
                0x00002000       0x16 ./MCAL/TMR1/Source/TMR1_Imp.o
                0x00002000                TMR1_u16ReadTimerValue
 .text.TMR1_voidSetDutyCycle
                0x00002016       0x24 ./MCAL/TMR1/Source/TMR1_Imp.o
                0x00002016                TMR1_voidSetDutyCycle
 .text.TMR1_ICUsetEdgeDetectionMode
                0x0000203a       0x3e ./MCAL/TMR1/Source/TMR1_Imp.o
                0x0000203a                TMR1_ICUsetEdgeDetectionMode
 .text.TMR1_ICUgetInputCaptureValue
                0x00002078       0x16 ./MCAL/TMR1/Source/TMR1_Imp.o
                0x00002078                TMR1_ICUgetInputCaptureValue
 .text.TMR1_ICUclearTimerValue
                0x0000208e       0x16 ./MCAL/TMR1/Source/TMR1_Imp.o
                0x0000208e                TMR1_ICUclearTimerValue
 .text.TMR1_ICUDeInit
                0x000020a4       0x38 ./MCAL/TMR1/Source/TMR1_Imp.o
                0x000020a4                TMR1_ICUDeInit
 .text.TMR1_voidTimer1ICUSetCallBack
                0x000020dc       0x24 ./MCAL/TMR1/Source/TMR1_Imp.o
                0x000020dc                TMR1_voidTimer1ICUSetCallBack
 .text.__vector_6
                0x00002100       0x66 ./MCAL/TMR1/Source/TMR1_Imp.o
                0x00002100                __vector_6
 .text.TMR0_voidInit
                0x00002166       0x6a ./MCAL/TMR0/Source/TMR0_Imp.o
                0x00002166                TMR0_voidInit
 .text.TMR0_voidSetDuty
                0x000021d0       0x1c ./MCAL/TMR0/Source/TMR0_Imp.o
                0x000021d0                TMR0_voidSetDuty
 .text.TMR0_voidTimer0CTCSetCallBack
                0x000021ec       0x24 ./MCAL/TMR0/Source/TMR0_Imp.o
                0x000021ec                TMR0_voidTimer0CTCSetCallBack
 .text.TMR0_voidTimer0OVSetCallBack
                0x00002210       0x24 ./MCAL/TMR0/Source/TMR0_Imp.o
                0x00002210                TMR0_voidTimer0OVSetCallBack
 .text.TMR0_voidSetBusyWait
                0x00002234       0x76 ./MCAL/TMR0/Source/TMR0_Imp.o
                0x00002234                TMR0_voidSetBusyWait
 .text.TMR0_u8GetTCNT
                0x000022aa       0x14 ./MCAL/TMR0/Source/TMR0_Imp.o
                0x000022aa                TMR0_u8GetTCNT
 .text.TMR0_voidSetTCNT
                0x000022be       0x1c ./MCAL/TMR0/Source/TMR0_Imp.o
                0x000022be                TMR0_voidSetTCNT
 .text.__vector_11
                0x000022da       0x66 ./MCAL/TMR0/Source/TMR0_Imp.o
                0x000022da                __vector_11
 .text.__vector_10
                0x00002340       0x66 ./MCAL/TMR0/Source/TMR0_Imp.o
                0x00002340                __vector_10
 .text.SPI_voidMasterInit
                0x000023a6       0x8c ./MCAL/SPI/Source/SPI_Imp.o
                0x000023a6                SPI_voidMasterInit
 .text.SPI_voidSlaveInit
                0x00002432       0x46 ./MCAL/SPI/Source/SPI_Imp.o
                0x00002432                SPI_voidSlaveInit
 .text.SPI_u8Transfer
                0x00002478       0x2c ./MCAL/SPI/Source/SPI_Imp.o
                0x00002478                SPI_u8Transfer
 .text.SPI_voidSetCallBack
                0x000024a4       0x24 ./MCAL/SPI/Source/SPI_Imp.o
                0x000024a4                SPI_voidSetCallBack
 .text.SPI_u8ReadDataISR
                0x000024c8       0x14 ./MCAL/SPI/Source/SPI_Imp.o
                0x000024c8                SPI_u8ReadDataISR
 .text.SPI_voidSendDataISR
                0x000024dc       0x1c ./MCAL/SPI/Source/SPI_Imp.o
                0x000024dc                SPI_voidSendDataISR
 .text.__vector_12
                0x000024f8       0x66 ./MCAL/SPI/Source/SPI_Imp.o
                0x000024f8                __vector_12
 .text.I2C_Master_voidInit
                0x0000255e       0x40 ./MCAL/I2C/Source/I2C_Imp.o
                0x0000255e                I2C_Master_voidInit
 .text.I2C_Slave_voidInit
                0x0000259e       0x38 ./MCAL/I2C/Source/I2C_Imp.o
                0x0000259e                I2C_Slave_voidInit
 .text.I2C_Master_enuSendStartCond
                0x000025d6       0x40 ./MCAL/I2C/Source/I2C_Imp.o
                0x000025d6                I2C_Master_enuSendStartCond
 .text.I2C_Master_enuSendRepeatedStartCond
                0x00002616       0x40 ./MCAL/I2C/Source/I2C_Imp.o
                0x00002616                I2C_Master_enuSendRepeatedStartCond
 .text.I2C_Master_enuSendSlaveAddressWithRead
                0x00002656       0x5a ./MCAL/I2C/Source/I2C_Imp.o
                0x00002656                I2C_Master_enuSendSlaveAddressWithRead
 .text.I2C_Master_enuSendSlaveAddressWithWrite
                0x000026b0       0x5a ./MCAL/I2C/Source/I2C_Imp.o
                0x000026b0                I2C_Master_enuSendSlaveAddressWithWrite
 .text.I2C_Master_enuSendu8Data
                0x0000270a       0x4c ./MCAL/I2C/Source/I2C_Imp.o
                0x0000270a                I2C_Master_enuSendu8Data
 .text.I2C_Master_enuReadu8Data
                0x00002756       0x6a ./MCAL/I2C/Source/I2C_Imp.o
                0x00002756                I2C_Master_enuReadu8Data
 .text.I2C_Master_enuFlush
                0x000027c0       0x40 ./MCAL/I2C/Source/I2C_Imp.o
                0x000027c0                I2C_Master_enuFlush
 .text.I2C_Master_enuSendStopCond
                0x00002800       0x2c ./MCAL/I2C/Source/I2C_Imp.o
                0x00002800                I2C_Master_enuSendStopCond
 .text.I2C_Slave_enuReadu8Data
                0x0000282c       0x1a ./MCAL/I2C/Source/I2C_Imp.o
                0x0000282c                I2C_Slave_enuReadu8Data
 .text.I2C_Master_INT_voidSendStartCond
                0x00002846       0x16 ./MCAL/I2C/Source/I2C_Imp.o
                0x00002846                I2C_Master_INT_voidSendStartCond
 .text.I2C_Master_INT_voidSendSlaveAddressWithWrite
                0x0000285c       0x32 ./MCAL/I2C/Source/I2C_Imp.o
                0x0000285c                I2C_Master_INT_voidSendSlaveAddressWithWrite
 .text.I2C_Master_INT_voidSendu8Data
                0x0000288e       0x24 ./MCAL/I2C/Source/I2C_Imp.o
                0x0000288e                I2C_Master_INT_voidSendu8Data
 .text.I2C_Master_INT_voidFlush
                0x000028b2       0x16 ./MCAL/I2C/Source/I2C_Imp.o
                0x000028b2                I2C_Master_INT_voidFlush
 .text.I2C_Master_INT_voidSendStopCond
                0x000028c8       0x16 ./MCAL/I2C/Source/I2C_Imp.o
                0x000028c8                I2C_Master_INT_voidSendStopCond
 .text.I2C_voidSetCallBack
                0x000028de       0x24 ./MCAL/I2C/Source/I2C_Imp.o
                0x000028de                I2C_voidSetCallBack
 .text.__vector_19
                0x00002902       0x66 ./MCAL/I2C/Source/I2C_Imp.o
                0x00002902                __vector_19
 .text.GIE_voidEnable
                0x00002968       0x1c ./MCAL/GIE/Source/GIE_Imp.o
                0x00002968                GIE_voidEnable
 .text.GIE_voidDisable
                0x00002984       0x1c ./MCAL/GIE/Source/GIE_Imp.o
                0x00002984                GIE_voidDisable
 .text.EXTI0_voidInit
                0x000029a0       0x2a ./MCAL/EXTI/Source/EXTI_Imp.o
                0x000029a0                EXTI0_voidInit
 .text.EXTI1_voidInit
                0x000029ca       0x2a ./MCAL/EXTI/Source/EXTI_Imp.o
                0x000029ca                EXTI1_voidInit
 .text.EXTI2_voidInit
                0x000029f4       0x1c ./MCAL/EXTI/Source/EXTI_Imp.o
                0x000029f4                EXTI2_voidInit
 .text.EXTI0_voidEnable
                0x00002a10       0x1c ./MCAL/EXTI/Source/EXTI_Imp.o
                0x00002a10                EXTI0_voidEnable
 .text.EXTI1_voidEnable
                0x00002a2c       0x1c ./MCAL/EXTI/Source/EXTI_Imp.o
                0x00002a2c                EXTI1_voidEnable
 .text.EXTI2_voidEnable
                0x00002a48       0x1c ./MCAL/EXTI/Source/EXTI_Imp.o
                0x00002a48                EXTI2_voidEnable
 .text.EXTI0_voidDisable
                0x00002a64       0x1c ./MCAL/EXTI/Source/EXTI_Imp.o
                0x00002a64                EXTI0_voidDisable
 .text.EXTI1_voidDisable
                0x00002a80       0x1c ./MCAL/EXTI/Source/EXTI_Imp.o
                0x00002a80                EXTI1_voidDisable
 .text.EXTI2_voidDisable
                0x00002a9c       0x1c ./MCAL/EXTI/Source/EXTI_Imp.o
                0x00002a9c                EXTI2_voidDisable
 .text.EXTI0_voidSetSignalch
                0x00002ab8       0xce ./MCAL/EXTI/Source/EXTI_Imp.o
                0x00002ab8                EXTI0_voidSetSignalch
 .text.EXTI1_voidSetSignalch
                0x00002b86       0xce ./MCAL/EXTI/Source/EXTI_Imp.o
                0x00002b86                EXTI1_voidSetSignalch
 .text.EXTI2_voidSetSignalch
                0x00002c54       0x58 ./MCAL/EXTI/Source/EXTI_Imp.o
                0x00002c54                EXTI2_voidSetSignalch
 .text.EXTI0_VID_SET_CALL_BACK
                0x00002cac       0x24 ./MCAL/EXTI/Source/EXTI_Imp.o
                0x00002cac                EXTI0_VID_SET_CALL_BACK
 .text.EXTI1_VID_SET_CALL_BACK
                0x00002cd0       0x24 ./MCAL/EXTI/Source/EXTI_Imp.o
                0x00002cd0                EXTI1_VID_SET_CALL_BACK
 .text.EXTI2_VID_SET_CALL_BACK
                0x00002cf4       0x24 ./MCAL/EXTI/Source/EXTI_Imp.o
                0x00002cf4                EXTI2_VID_SET_CALL_BACK
 .text.__vector_1
                0x00002d18       0x66 ./MCAL/EXTI/Source/EXTI_Imp.o
                0x00002d18                __vector_1
 .text.__vector_2
                0x00002d7e       0x66 ./MCAL/EXTI/Source/EXTI_Imp.o
                0x00002d7e                __vector_2
 .text.__vector_3
                0x00002de4       0x66 ./MCAL/EXTI/Source/EXTI_Imp.o
                0x00002de4                __vector_3
 .text.DIO_voidInit
                0x00002e4a       0x2e ./MCAL/DIO/Source/DIO_Imp.o
                0x00002e4a                DIO_voidInit
 .text.DIO_voidSetPinDir
                0x00002e78      0x21c ./MCAL/DIO/Source/DIO_Imp.o
                0x00002e78                DIO_voidSetPinDir
 .text.DIO_voidSetPinValue
                0x00003094      0x21c ./MCAL/DIO/Source/DIO_Imp.o
                0x00003094                DIO_voidSetPinValue
 .text.DIO_u8GetPinValue
                0x000032b0      0x118 ./MCAL/DIO/Source/DIO_Imp.o
                0x000032b0                DIO_u8GetPinValue
 .text.DIO_voidTogglePin
                0x000033c8      0x114 ./MCAL/DIO/Source/DIO_Imp.o
                0x000033c8                DIO_voidTogglePin
 .text.DIO_voidSetPortDir
                0x000034dc       0x90 ./MCAL/DIO/Source/DIO_Imp.o
                0x000034dc                DIO_voidSetPortDir
 .text.DIO_voidSetPortValue
                0x0000356c       0x90 ./MCAL/DIO/Source/DIO_Imp.o
                0x0000356c                DIO_voidSetPortValue
 .text.DIO_u8GetPortValue
                0x000035fc       0x96 ./MCAL/DIO/Source/DIO_Imp.o
                0x000035fc                DIO_u8GetPortValue
 .text.DIO_voidTogglePort
                0x00003692       0xa8 ./MCAL/DIO/Source/DIO_Imp.o
                0x00003692                DIO_voidTogglePort
 .text.ADC_voidInit
                0x0000373a       0x7a ./MCAL/ADC/Source/ADC_Imp.o
                0x0000373a                ADC_voidInit
 .text.ADC_voidEnable
                0x000037b4       0x1c ./MCAL/ADC/Source/ADC_Imp.o
                0x000037b4                ADC_voidEnable
 .text.ADC_voidInterrputEnable
                0x000037d0       0x1c ./MCAL/ADC/Source/ADC_Imp.o
                0x000037d0                ADC_voidInterrputEnable
 .text.ADC_voidInterrputDisable
                0x000037ec       0x1c ./MCAL/ADC/Source/ADC_Imp.o
                0x000037ec                ADC_voidInterrputDisable
 .text.ADC_voidDisable
                0x00003808       0x1c ./MCAL/ADC/Source/ADC_Imp.o
                0x00003808                ADC_voidDisable
 .text.ADC_u16ReadADC
                0x00003824       0x76 ./MCAL/ADC/Source/ADC_Imp.o
                0x00003824                ADC_u16ReadADC
 .text.ADC_voidStartConversion
                0x0000389a       0x64 ./MCAL/ADC/Source/ADC_Imp.o
                0x0000389a                ADC_voidStartConversion
 .text.ADC_voidStartInterruptConversion
                0x000038fe       0x40 ./MCAL/ADC/Source/ADC_Imp.o
                0x000038fe                ADC_voidStartInterruptConversion
 .text.ADC_voidChaining
                0x0000393e       0x32 ./MCAL/ADC/Source/ADC_Imp.o
                0x0000393e                ADC_voidChaining
 .text.ADC_u16ReadADCInMV
                0x00003970       0x8a ./MCAL/ADC/Source/ADC_Imp.o
                0x00003970                ADC_u16ReadADCInMV
 .text.ADC_voidSetCallback
                0x000039fa       0x24 ./MCAL/ADC/Source/ADC_Imp.o
                0x000039fa                ADC_voidSetCallback
 .text.__vector_16
                0x00003a1e       0x66 ./MCAL/ADC/Source/ADC_Imp.o
                0x00003a1e                __vector_16
 .text.SevSeg_voidSingleInit
                0x00003a84       0x16 ./HAL/SevSeg/Source/SevSeg_Imp.o
                0x00003a84                SevSeg_voidSingleInit
 .text.SevSeg_voidDoubleInit
                0x00003a9a       0x1e ./HAL/SevSeg/Source/SevSeg_Imp.o
                0x00003a9a                SevSeg_voidDoubleInit
 .text.SevSeg_voidDisplayNumber
                0x00003ab8       0x8a ./HAL/SevSeg/Source/SevSeg_Imp.o
                0x00003ab8                SevSeg_voidDisplayNumber
 .text.SevSeg_voidSingleAutoCounter
                0x00003b42      0x1a6 ./HAL/SevSeg/Source/SevSeg_Imp.o
                0x00003b42                SevSeg_voidSingleAutoCounter
 .text.SevSeg_voidDoubleAutoCounter
                0x00003ce8      0x202 ./HAL/SevSeg/Source/SevSeg_Imp.o
                0x00003ce8                SevSeg_voidDoubleAutoCounter
 .text.SevSeg_voidSingleRangeCounter
                0x00003eea      0x342 ./HAL/SevSeg/Source/SevSeg_Imp.o
                0x00003eea                SevSeg_voidSingleRangeCounter
 .text.SevSeg_voidDoubleRangeCounter
                0x0000422c      0x4c0 ./HAL/SevSeg/Source/SevSeg_Imp.o
                0x0000422c                SevSeg_voidDoubleRangeCounter
 .text.SevSeg_voidBCDDisplay
                0x000046ec       0x20 ./HAL/SevSeg/Source/SevSeg_Imp.o
                0x000046ec                SevSeg_voidBCDDisplay
 .text.SevSeg_voidBCDDoubleDisplay
                0x0000470c      0x49a ./HAL/SevSeg/Source/SevSeg_Imp.o
                0x0000470c                SevSeg_voidBCDDoubleDisplay
 .text.SevSeg_voidMulBCD
                0x00004ba6      0x612 ./HAL/SevSeg/Source/SevSeg_Imp.o
                0x00004ba6                SevSeg_voidMulBCD
 .text.LCD_voidInit
                0x000051b8      0xc00 ./HAL/LCD/Source/LCD_Imp.o
                0x000051b8                LCD_voidInit
 .text.LCD_voidSendCommand
                0x00005db8      0x1e0 ./HAL/LCD/Source/LCD_Imp.o
                0x00005db8                LCD_voidSendCommand
 .text.LCD_voidSendInitCommand
                0x00005f98      0x180 ./HAL/LCD/Source/LCD_Imp.o
                0x00005f98                LCD_voidSendInitCommand
 .text.LCD_voidWriteChar
                0x00006118      0x1e0 ./HAL/LCD/Source/LCD_Imp.o
                0x00006118                LCD_voidWriteChar
 .text.LCD_voidWriteString
                0x000062f8       0x52 ./HAL/LCD/Source/LCD_Imp.o
                0x000062f8                LCD_voidWriteString
 .text.IntToString
                0x0000634a      0x18a ./HAL/LCD/Source/LCD_Imp.o
                0x0000634a                IntToString
 .text.LCD_voidWriteIntData
                0x000064d4       0x6a ./HAL/LCD/Source/LCD_Imp.o
                0x000064d4                LCD_voidWriteIntData
 .text.LCD_voidWriteFloatData
                0x0000653e      0x13e ./HAL/LCD/Source/LCD_Imp.o
                0x0000653e                LCD_voidWriteFloatData
 .text.LCD_voidGoToPosition
                0x0000667c       0x62 ./HAL/LCD/Source/LCD_Imp.o
                0x0000667c                LCD_voidGoToPosition
 .text.LCD_voidClearPosition
                0x000066de       0x26 ./HAL/LCD/Source/LCD_Imp.o
                0x000066de                LCD_voidClearPosition
 .text.LCD_voidClearLine
                0x00006704       0x2e ./HAL/LCD/Source/LCD_Imp.o
                0x00006704                LCD_voidClearLine
 .text.LCD_voidDisplaySpecialChar
                0x00006732       0x9a ./HAL/LCD/Source/LCD_Imp.o
                0x00006732                LCD_voidDisplaySpecialChar
 .text.KPD_u8GetPressedKey
                0x000067cc      0x172 ./HAL/Keypad/Source/Keypad_Imp.o
                0x000067cc                KPD_u8GetPressedKey
 .text.main     0x0000693e      0x102 ./App/main.o
                0x0000693e                main
 .text.TXC_Complete
                0x00006a40        0xe ./App/main.o
                0x00006a40                TXC_Complete
 .text.SPI_Complete
                0x00006a4e        0xe ./App/main.o
                0x00006a4e                SPI_Complete
 .text.I2C_Complete
                0x00006a5c        0xe ./App/main.o
                0x00006a5c                I2C_Complete
 .text.libgcc   0x00006a6a       0x3e d:/hazim/01- embedded systems avr tools/01- imt sdk/imt_sdk_win_64/imt_sdk_win_64/winavr/bin/../lib/gcc/avr/4.3.3/avr5\libgcc.a(_mulsi3.o)
                0x00006a6a                __mulsi3
 .text.libgcc   0x00006aa8       0x1a d:/hazim/01- embedded systems avr tools/01- imt sdk/imt_sdk_win_64/imt_sdk_win_64/winavr/bin/../lib/gcc/avr/4.3.3/avr5\libgcc.a(_divmodqi4.o)
                0x00006aa8                __divmodqi4
 .text.libgcc   0x00006ac2       0x36 d:/hazim/01- embedded systems avr tools/01- imt sdk/imt_sdk_win_64/imt_sdk_win_64/winavr/bin/../lib/gcc/avr/4.3.3/avr5\libgcc.a(_divmodsi4.o)
                0x00006ac2                __divmodsi4
 .text.libgcc   0x00006af8        0x0 d:/hazim/01- embedded systems avr tools/01- imt sdk/imt_sdk_win_64/imt_sdk_win_64/winavr/bin/../lib/gcc/avr/4.3.3/avr5\libgcc.a(_exit.o)
 .text.libgcc   0x00006af8        0x0 d:/hazim/01- embedded systems avr tools/01- imt sdk/imt_sdk_win_64/imt_sdk_win_64/winavr/bin/../lib/gcc/avr/4.3.3/avr5\libgcc.a(_copy_data.o)
 .text.libgcc   0x00006af8        0x0 d:/hazim/01- embedded systems avr tools/01- imt sdk/imt_sdk_win_64/imt_sdk_win_64/winavr/bin/../lib/gcc/avr/4.3.3/avr5\libgcc.a(_clear_bss.o)
 .text.libgcc   0x00006af8       0x18 d:/hazim/01- embedded systems avr tools/01- imt sdk/imt_sdk_win_64/imt_sdk_win_64/winavr/bin/../lib/gcc/avr/4.3.3/avr5\libgcc.a(_udivmodqi4.o)
                0x00006af8                __udivmodqi4
 .text.libgcc   0x00006b10       0x44 d:/hazim/01- embedded systems avr tools/01- imt sdk/imt_sdk_win_64/imt_sdk_win_64/winavr/bin/../lib/gcc/avr/4.3.3/avr5\libgcc.a(_udivmodsi4.o)
                0x00006b10                __udivmodsi4
 .text.libgcc   0x00006b54       0x38 d:/hazim/01- embedded systems avr tools/01- imt sdk/imt_sdk_win_64/imt_sdk_win_64/winavr/bin/../lib/gcc/avr/4.3.3/avr5\libgcc.a(_prologue.o)
                0x00006b54                __prologue_saves__
 .text.libgcc   0x00006b8c       0x36 d:/hazim/01- embedded systems avr tools/01- imt sdk/imt_sdk_win_64/imt_sdk_win_64/winavr/bin/../lib/gcc/avr/4.3.3/avr5\libgcc.a(_epilogue.o)
                0x00006b8c                __epilogue_restores__
                0x00006bc2                . = ALIGN (0x2)
 *(.fini9)
 .fini9         0x00006bc2        0x0 d:/hazim/01- embedded systems avr tools/01- imt sdk/imt_sdk_win_64/imt_sdk_win_64/winavr/bin/../lib/gcc/avr/4.3.3/avr5\libgcc.a(_exit.o)
                0x00006bc2                exit
                0x00006bc2                _exit
 *(.fini9)
 *(.fini8)
 *(.fini8)
 *(.fini7)
 *(.fini7)
 *(.fini6)
 *(.fini6)
 *(.fini5)
 *(.fini5)
 *(.fini4)
 *(.fini4)
 *(.fini3)
 *(.fini3)
 *(.fini2)
 *(.fini2)
 *(.fini1)
 *(.fini1)
 *(.fini0)
 .fini0         0x00006bc2        0x4 d:/hazim/01- embedded systems avr tools/01- imt sdk/imt_sdk_win_64/imt_sdk_win_64/winavr/bin/../lib/gcc/avr/4.3.3/avr5\libgcc.a(_exit.o)
 *(.fini0)
                0x00006bc6                _etext = .

.data           0x00800060      0x16a load address 0x00006bc6
                0x00800060                PROVIDE (__data_start, .)
 *(.data)
 .data          0x00800060        0x0 d:/hazim/01- embedded systems avr tools/01- imt sdk/imt_sdk_win_64/imt_sdk_win_64/winavr/bin/../lib/gcc/avr/4.3.3/../../../../avr/lib/avr5/crtm32.o
 .data          0x00800060        0x0 ./Services/BCM/Source/BCM_Imp.o
 .data          0x00800060        0x0 ./MCAL/USART/Source/USART_Imp.o
 .data          0x00800060        0x0 ./MCAL/TMR2/Source/TMR2_Imp.o
 .data          0x00800060        0x0 ./MCAL/TMR1/Source/TMR1_Imp.o
 .data          0x00800060        0x0 ./MCAL/TMR0/Source/TMR0_Imp.o
 .data          0x00800060        0x0 ./MCAL/SPI/Source/SPI_Imp.o
 .data          0x00800060        0x0 ./MCAL/I2C/Source/I2C_Imp.o
 .data          0x00800060        0x0 ./MCAL/GIE/Source/GIE_Imp.o
 .data          0x00800060        0x0 ./MCAL/EXTI/Source/EXTI_Imp.o
 .data          0x00800060        0x0 ./MCAL/DIO/Source/DIO_Imp.o
 .data          0x00800060        0x0 ./MCAL/ADC/Source/ADC_Imp.o
 .data          0x00800060        0x0 ./HAL/SevSeg/Source/SevSeg_Imp.o
 .data          0x00800060        0x0 ./HAL/LCD/Source/LCD_Imp.o
 .data          0x00800060        0x0 ./HAL/Keypad/Source/Keypad_Imp.o
 .data          0x00800060        0x0 ./App/main.o
 .data          0x00800060        0x0 d:/hazim/01- embedded systems avr tools/01- imt sdk/imt_sdk_win_64/imt_sdk_win_64/winavr/bin/../lib/gcc/avr/4.3.3/avr5\libgcc.a(_mulsi3.o)
 .data          0x00800060        0x0 d:/hazim/01- embedded systems avr tools/01- imt sdk/imt_sdk_win_64/imt_sdk_win_64/winavr/bin/../lib/gcc/avr/4.3.3/avr5\libgcc.a(_divmodqi4.o)
 .data          0x00800060        0x0 d:/hazim/01- embedded systems avr tools/01- imt sdk/imt_sdk_win_64/imt_sdk_win_64/winavr/bin/../lib/gcc/avr/4.3.3/avr5\libgcc.a(_divmodsi4.o)
 .data          0x00800060        0x0 d:/hazim/01- embedded systems avr tools/01- imt sdk/imt_sdk_win_64/imt_sdk_win_64/winavr/bin/../lib/gcc/avr/4.3.3/avr5\libgcc.a(_exit.o)
 .data          0x00800060        0x0 d:/hazim/01- embedded systems avr tools/01- imt sdk/imt_sdk_win_64/imt_sdk_win_64/winavr/bin/../lib/gcc/avr/4.3.3/avr5\libgcc.a(_copy_data.o)
 .data          0x00800060        0x0 d:/hazim/01- embedded systems avr tools/01- imt sdk/imt_sdk_win_64/imt_sdk_win_64/winavr/bin/../lib/gcc/avr/4.3.3/avr5\libgcc.a(_clear_bss.o)
 .data          0x00800060        0x0 d:/hazim/01- embedded systems avr tools/01- imt sdk/imt_sdk_win_64/imt_sdk_win_64/winavr/bin/../lib/gcc/avr/4.3.3/avr5\libgcc.a(_fixunssfsi.o)
 .data          0x00800060        0x0 d:/hazim/01- embedded systems avr tools/01- imt sdk/imt_sdk_win_64/imt_sdk_win_64/winavr/bin/../lib/gcc/avr/4.3.3/avr5\libgcc.a(_addsub_sf.o)
 .data          0x00800060        0x0 d:/hazim/01- embedded systems avr tools/01- imt sdk/imt_sdk_win_64/imt_sdk_win_64/winavr/bin/../lib/gcc/avr/4.3.3/avr5\libgcc.a(_mul_sf.o)
 .data          0x00800060        0x0 d:/hazim/01- embedded systems avr tools/01- imt sdk/imt_sdk_win_64/imt_sdk_win_64/winavr/bin/../lib/gcc/avr/4.3.3/avr5\libgcc.a(_div_sf.o)
 .data          0x00800060        0x0 d:/hazim/01- embedded systems avr tools/01- imt sdk/imt_sdk_win_64/imt_sdk_win_64/winavr/bin/../lib/gcc/avr/4.3.3/avr5\libgcc.a(_gt_sf.o)
 .data          0x00800060        0x0 d:/hazim/01- embedded systems avr tools/01- imt sdk/imt_sdk_win_64/imt_sdk_win_64/winavr/bin/../lib/gcc/avr/4.3.3/avr5\libgcc.a(_ge_sf.o)
 .data          0x00800060        0x0 d:/hazim/01- embedded systems avr tools/01- imt sdk/imt_sdk_win_64/imt_sdk_win_64/winavr/bin/../lib/gcc/avr/4.3.3/avr5\libgcc.a(_lt_sf.o)
 .data          0x00800060        0x0 d:/hazim/01- embedded systems avr tools/01- imt sdk/imt_sdk_win_64/imt_sdk_win_64/winavr/bin/../lib/gcc/avr/4.3.3/avr5\libgcc.a(_sf_to_si.o)
 .data          0x00800060        0x8 d:/hazim/01- embedded systems avr tools/01- imt sdk/imt_sdk_win_64/imt_sdk_win_64/winavr/bin/../lib/gcc/avr/4.3.3/avr5\libgcc.a(_thenan_sf.o)
                0x00800060                __thenan_sf
 .data          0x00800068        0x0 d:/hazim/01- embedded systems avr tools/01- imt sdk/imt_sdk_win_64/imt_sdk_win_64/winavr/bin/../lib/gcc/avr/4.3.3/avr5\libgcc.a(_usi_to_sf.o)
 .data          0x00800068        0x0 d:/hazim/01- embedded systems avr tools/01- imt sdk/imt_sdk_win_64/imt_sdk_win_64/winavr/bin/../lib/gcc/avr/4.3.3/avr5\libgcc.a(_udivmodqi4.o)
 .data          0x00800068        0x0 d:/hazim/01- embedded systems avr tools/01- imt sdk/imt_sdk_win_64/imt_sdk_win_64/winavr/bin/../lib/gcc/avr/4.3.3/avr5\libgcc.a(_udivmodsi4.o)
 .data          0x00800068        0x0 d:/hazim/01- embedded systems avr tools/01- imt sdk/imt_sdk_win_64/imt_sdk_win_64/winavr/bin/../lib/gcc/avr/4.3.3/avr5\libgcc.a(_prologue.o)
 .data          0x00800068        0x0 d:/hazim/01- embedded systems avr tools/01- imt sdk/imt_sdk_win_64/imt_sdk_win_64/winavr/bin/../lib/gcc/avr/4.3.3/avr5\libgcc.a(_epilogue.o)
 .data          0x00800068        0x0 d:/hazim/01- embedded systems avr tools/01- imt sdk/imt_sdk_win_64/imt_sdk_win_64/winavr/bin/../lib/gcc/avr/4.3.3/avr5\libgcc.a(_clzsi2.o)
 .data          0x00800068        0x0 d:/hazim/01- embedded systems avr tools/01- imt sdk/imt_sdk_win_64/imt_sdk_win_64/winavr/bin/../lib/gcc/avr/4.3.3/avr5\libgcc.a(_pack_sf.o)
 .data          0x00800068        0x0 d:/hazim/01- embedded systems avr tools/01- imt sdk/imt_sdk_win_64/imt_sdk_win_64/winavr/bin/../lib/gcc/avr/4.3.3/avr5\libgcc.a(_unpack_sf.o)
 .data          0x00800068        0x0 d:/hazim/01- embedded systems avr tools/01- imt sdk/imt_sdk_win_64/imt_sdk_win_64/winavr/bin/../lib/gcc/avr/4.3.3/avr5\libgcc.a(_fpcmp_parts_sf.o)
 .data          0x00800068      0x100 d:/hazim/01- embedded systems avr tools/01- imt sdk/imt_sdk_win_64/imt_sdk_win_64/winavr/bin/../lib/gcc/avr/4.3.3/avr5\libgcc.a(_clz.o)
                0x00800068                __clz_tab
 *(.data*)
 .data.generalQueueState
                0x00800168        0x1 ./Services/BCM/Source/BCM_Imp.o
 .data.USARTQueueState
                0x00800169        0x1 ./Services/BCM/Source/BCM_Imp.o
 .data.SPIQueueState
                0x0080016a        0x1 ./Services/BCM/Source/BCM_Imp.o
 .data.I2CQueueState
                0x0080016b        0x1 ./Services/BCM/Source/BCM_Imp.o
 .data.interruptI2Cindex
                0x0080016c        0x1 ./Services/BCM/Source/BCM_Imp.o
 .data.Vref     0x0080016d        0x4 ./MCAL/ADC/Source/ADC_Imp.o
                0x0080016d                Vref
 .data.MulBCDArr
                0x00800171        0xa ./HAL/SevSeg/Source/SevSeg_Imp.o
                0x00800171                MulBCDArr
 .data.name     0x0080017b        0x6 ./App/main.o
                0x0080017b                name
 .data.sendFlag
                0x00800181        0x1 ./App/main.o
                0x00800181                sendFlag
 .data.SLAVE_ADDRESS
                0x00800182        0x1 ./App/main.o
                0x00800182                SLAVE_ADDRESS
 .data.slave_ptr
                0x00800183        0x2 ./App/main.o
                0x00800183                slave_ptr
 .data.reg_ptr  0x00800185        0x2 ./App/main.o
                0x00800185                reg_ptr
 *(.rodata)
 *(.rodata*)
 .rodata.C.0.1313
                0x00800187        0xa ./HAL/SevSeg/Source/SevSeg_Imp.o
 .rodata.C.1.1326
                0x00800191        0xa ./HAL/SevSeg/Source/SevSeg_Imp.o
 .rodata.C.3.1354
                0x0080019b        0xa ./HAL/SevSeg/Source/SevSeg_Imp.o
 .rodata.C.6.1381
                0x008001a5        0xa ./HAL/SevSeg/Source/SevSeg_Imp.o
 .rodata.C.9.1440
                0x008001af        0xa ./HAL/SevSeg/Source/SevSeg_Imp.o
 .rodata.C.0.1230
                0x008001b9       0x10 ./HAL/Keypad/Source/Keypad_Imp.o
 *(.gnu.linkonce.d*)
                0x008001ca                . = ALIGN (0x2)
 *fill*         0x008001c9        0x1 00
                0x008001ca                _edata = .
                0x008001ca                PROVIDE (__data_end, .)

.bss            0x008001ca      0x404
                0x008001ca                PROVIDE (__bss_start, .)
 *(.bss)
 .bss           0x008001ca        0x0 d:/hazim/01- embedded systems avr tools/01- imt sdk/imt_sdk_win_64/imt_sdk_win_64/winavr/bin/../lib/gcc/avr/4.3.3/../../../../avr/lib/avr5/crtm32.o
 .bss           0x008001ca        0x0 ./Services/BCM/Source/BCM_Imp.o
 .bss           0x008001ca        0x0 ./MCAL/USART/Source/USART_Imp.o
 .bss           0x008001ca        0x0 ./MCAL/TMR2/Source/TMR2_Imp.o
 .bss           0x008001ca        0x0 ./MCAL/TMR1/Source/TMR1_Imp.o
 .bss           0x008001ca        0x0 ./MCAL/TMR0/Source/TMR0_Imp.o
 .bss           0x008001ca        0x0 ./MCAL/SPI/Source/SPI_Imp.o
 .bss           0x008001ca        0x0 ./MCAL/I2C/Source/I2C_Imp.o
 .bss           0x008001ca        0x0 ./MCAL/GIE/Source/GIE_Imp.o
 .bss           0x008001ca        0x0 ./MCAL/EXTI/Source/EXTI_Imp.o
 .bss           0x008001ca        0x0 ./MCAL/DIO/Source/DIO_Imp.o
 .bss           0x008001ca        0x0 ./MCAL/ADC/Source/ADC_Imp.o
 .bss           0x008001ca        0x0 ./HAL/SevSeg/Source/SevSeg_Imp.o
 .bss           0x008001ca        0x0 ./HAL/LCD/Source/LCD_Imp.o
 .bss           0x008001ca        0x0 ./HAL/Keypad/Source/Keypad_Imp.o
 .bss           0x008001ca        0x0 ./App/main.o
 .bss           0x008001ca        0x0 d:/hazim/01- embedded systems avr tools/01- imt sdk/imt_sdk_win_64/imt_sdk_win_64/winavr/bin/../lib/gcc/avr/4.3.3/avr5\libgcc.a(_mulsi3.o)
 .bss           0x008001ca        0x0 d:/hazim/01- embedded systems avr tools/01- imt sdk/imt_sdk_win_64/imt_sdk_win_64/winavr/bin/../lib/gcc/avr/4.3.3/avr5\libgcc.a(_divmodqi4.o)
 .bss           0x008001ca        0x0 d:/hazim/01- embedded systems avr tools/01- imt sdk/imt_sdk_win_64/imt_sdk_win_64/winavr/bin/../lib/gcc/avr/4.3.3/avr5\libgcc.a(_divmodsi4.o)
 .bss           0x008001ca        0x0 d:/hazim/01- embedded systems avr tools/01- imt sdk/imt_sdk_win_64/imt_sdk_win_64/winavr/bin/../lib/gcc/avr/4.3.3/avr5\libgcc.a(_exit.o)
 .bss           0x008001ca        0x0 d:/hazim/01- embedded systems avr tools/01- imt sdk/imt_sdk_win_64/imt_sdk_win_64/winavr/bin/../lib/gcc/avr/4.3.3/avr5\libgcc.a(_copy_data.o)
 .bss           0x008001ca        0x0 d:/hazim/01- embedded systems avr tools/01- imt sdk/imt_sdk_win_64/imt_sdk_win_64/winavr/bin/../lib/gcc/avr/4.3.3/avr5\libgcc.a(_clear_bss.o)
 .bss           0x008001ca        0x0 d:/hazim/01- embedded systems avr tools/01- imt sdk/imt_sdk_win_64/imt_sdk_win_64/winavr/bin/../lib/gcc/avr/4.3.3/avr5\libgcc.a(_fixunssfsi.o)
 .bss           0x008001ca        0x0 d:/hazim/01- embedded systems avr tools/01- imt sdk/imt_sdk_win_64/imt_sdk_win_64/winavr/bin/../lib/gcc/avr/4.3.3/avr5\libgcc.a(_addsub_sf.o)
 .bss           0x008001ca        0x0 d:/hazim/01- embedded systems avr tools/01- imt sdk/imt_sdk_win_64/imt_sdk_win_64/winavr/bin/../lib/gcc/avr/4.3.3/avr5\libgcc.a(_mul_sf.o)
 .bss           0x008001ca        0x0 d:/hazim/01- embedded systems avr tools/01- imt sdk/imt_sdk_win_64/imt_sdk_win_64/winavr/bin/../lib/gcc/avr/4.3.3/avr5\libgcc.a(_div_sf.o)
 .bss           0x008001ca        0x0 d:/hazim/01- embedded systems avr tools/01- imt sdk/imt_sdk_win_64/imt_sdk_win_64/winavr/bin/../lib/gcc/avr/4.3.3/avr5\libgcc.a(_gt_sf.o)
 .bss           0x008001ca        0x0 d:/hazim/01- embedded systems avr tools/01- imt sdk/imt_sdk_win_64/imt_sdk_win_64/winavr/bin/../lib/gcc/avr/4.3.3/avr5\libgcc.a(_ge_sf.o)
 .bss           0x008001ca        0x0 d:/hazim/01- embedded systems avr tools/01- imt sdk/imt_sdk_win_64/imt_sdk_win_64/winavr/bin/../lib/gcc/avr/4.3.3/avr5\libgcc.a(_lt_sf.o)
 .bss           0x008001ca        0x0 d:/hazim/01- embedded systems avr tools/01- imt sdk/imt_sdk_win_64/imt_sdk_win_64/winavr/bin/../lib/gcc/avr/4.3.3/avr5\libgcc.a(_sf_to_si.o)
 .bss           0x008001ca        0x0 d:/hazim/01- embedded systems avr tools/01- imt sdk/imt_sdk_win_64/imt_sdk_win_64/winavr/bin/../lib/gcc/avr/4.3.3/avr5\libgcc.a(_thenan_sf.o)
 .bss           0x008001ca        0x0 d:/hazim/01- embedded systems avr tools/01- imt sdk/imt_sdk_win_64/imt_sdk_win_64/winavr/bin/../lib/gcc/avr/4.3.3/avr5\libgcc.a(_usi_to_sf.o)
 .bss           0x008001ca        0x0 d:/hazim/01- embedded systems avr tools/01- imt sdk/imt_sdk_win_64/imt_sdk_win_64/winavr/bin/../lib/gcc/avr/4.3.3/avr5\libgcc.a(_udivmodqi4.o)
 .bss           0x008001ca        0x0 d:/hazim/01- embedded systems avr tools/01- imt sdk/imt_sdk_win_64/imt_sdk_win_64/winavr/bin/../lib/gcc/avr/4.3.3/avr5\libgcc.a(_udivmodsi4.o)
 .bss           0x008001ca        0x0 d:/hazim/01- embedded systems avr tools/01- imt sdk/imt_sdk_win_64/imt_sdk_win_64/winavr/bin/../lib/gcc/avr/4.3.3/avr5\libgcc.a(_prologue.o)
 .bss           0x008001ca        0x0 d:/hazim/01- embedded systems avr tools/01- imt sdk/imt_sdk_win_64/imt_sdk_win_64/winavr/bin/../lib/gcc/avr/4.3.3/avr5\libgcc.a(_epilogue.o)
 .bss           0x008001ca        0x0 d:/hazim/01- embedded systems avr tools/01- imt sdk/imt_sdk_win_64/imt_sdk_win_64/winavr/bin/../lib/gcc/avr/4.3.3/avr5\libgcc.a(_clzsi2.o)
 .bss           0x008001ca        0x0 d:/hazim/01- embedded systems avr tools/01- imt sdk/imt_sdk_win_64/imt_sdk_win_64/winavr/bin/../lib/gcc/avr/4.3.3/avr5\libgcc.a(_pack_sf.o)
 .bss           0x008001ca        0x0 d:/hazim/01- embedded systems avr tools/01- imt sdk/imt_sdk_win_64/imt_sdk_win_64/winavr/bin/../lib/gcc/avr/4.3.3/avr5\libgcc.a(_unpack_sf.o)
 .bss           0x008001ca        0x0 d:/hazim/01- embedded systems avr tools/01- imt sdk/imt_sdk_win_64/imt_sdk_win_64/winavr/bin/../lib/gcc/avr/4.3.3/avr5\libgcc.a(_fpcmp_parts_sf.o)
 .bss           0x008001ca        0x0 d:/hazim/01- embedded systems avr tools/01- imt sdk/imt_sdk_win_64/imt_sdk_win_64/winavr/bin/../lib/gcc/avr/4.3.3/avr5\libgcc.a(_clz.o)
 *(.bss*)
 .bss.generalQueueIndex
                0x008001ca        0x1 ./Services/BCM/Source/BCM_Imp.o
 .bss.USARTQueueIndex
                0x008001cb        0x1 ./Services/BCM/Source/BCM_Imp.o
 .bss.SPIQueueIndex
                0x008001cc        0x1 ./Services/BCM/Source/BCM_Imp.o
 .bss.I2CQueueIndex
                0x008001cd        0x1 ./Services/BCM/Source/BCM_Imp.o
 .bss.currentGeneralIndex
                0x008001ce        0x1 ./Services/BCM/Source/BCM_Imp.o
 .bss.currentUSARTIndex
                0x008001cf        0x1 ./Services/BCM/Source/BCM_Imp.o
 .bss.currentSPIIndex
                0x008001d0        0x1 ./Services/BCM/Source/BCM_Imp.o
 .bss.currentI2CIndex
                0x008001d1        0x1 ./Services/BCM/Source/BCM_Imp.o
 .bss.bcm_General_queue
                0x008001d2      0x1c2 ./Services/BCM/Source/BCM_Imp.o
 .bss.bcm_USART_queue
                0x00800394       0xb4 ./Services/BCM/Source/BCM_Imp.o
 .bss.bcm_SPI_queue
                0x00800448       0xb4 ./Services/BCM/Source/BCM_Imp.o
 .bss.bcm_I2C_queue
                0x008004fc       0xb4 ./Services/BCM/Source/BCM_Imp.o
 .bss.Global_UDRECallBack
                0x008005b0        0x2 ./MCAL/USART/Source/USART_Imp.o
 .bss.Global_RXCCallBack
                0x008005b2        0x2 ./MCAL/USART/Source/USART_Imp.o
 .bss.Global_TXCCallBack
                0x008005b4        0x2 ./MCAL/USART/Source/USART_Imp.o
 .bss.Global_pvTimerOverFlowCallBack
                0x008005b6        0x2 ./MCAL/TMR2/Source/TMR2_Imp.o
 .bss.Global_pvTimerCTCCallBack
                0x008005b8        0x2 ./MCAL/TMR2/Source/TMR2_Imp.o
 .bss.Global_pvTimerICUCallBack
                0x008005ba        0x2 ./MCAL/TMR1/Source/TMR1_Imp.o
 .bss.Global_pvTimerOverFlowCallBack
                0x008005bc        0x2 ./MCAL/TMR0/Source/TMR0_Imp.o
 .bss.Global_pvTimerCTCCallBack
                0x008005be        0x2 ./MCAL/TMR0/Source/TMR0_Imp.o
 .bss.Global_pvSPICallBack
                0x008005c0        0x2 ./MCAL/SPI/Source/SPI_Imp.o
 .bss.Global_pvI2CCallBack
                0x008005c2        0x2 ./MCAL/I2C/Source/I2C_Imp.o
 .bss.Global_EXTI0_CallBack
                0x008005c4        0x2 ./MCAL/EXTI/Source/EXTI_Imp.o
                0x008005c4                Global_EXTI0_CallBack
 .bss.Global_EXTI1_CallBack
                0x008005c6        0x2 ./MCAL/EXTI/Source/EXTI_Imp.o
                0x008005c6                Global_EXTI1_CallBack
 .bss.Global_EXTI2_CallBack
                0x008005c8        0x2 ./MCAL/EXTI/Source/EXTI_Imp.o
                0x008005c8                Global_EXTI2_CallBack
 .bss.Global_ADC_CallBack
                0x008005ca        0x2 ./MCAL/ADC/Source/ADC_Imp.o
                0x008005ca                Global_ADC_CallBack
 .bss.global_index
                0x008005cc        0x1 ./App/main.o
                0x008005cc                global_index
 .bss.REG_ADDRESS
                0x008005cd        0x1 ./App/main.o
                0x008005cd                REG_ADDRESS
 *(COMMON)
                0x008005ce                PROVIDE (__bss_end, .)
                0x00006bc6                __data_load_start = LOADADDR (.data)
                0x00006d30                __data_load_end = (__data_load_start + SIZEOF (.data))

.noinit         0x008005ce        0x0
                0x008005ce                PROVIDE (__noinit_start, .)
 *(.noinit*)
                0x008005ce                PROVIDE (__noinit_end, .)
                0x008005ce                _end = .
                0x008005ce                PROVIDE (__heap_start, .)

.eeprom         0x00810000        0x0
 *(.eeprom*)
                0x00810000                __eeprom_end = .

.fuse
 *(.fuse)
 *(.lfuse)
 *(.hfuse)
 *(.efuse)

.lock
 *(.lock*)

.signature
 *(.signature*)

.stab           0x00000000     0x6c60
 *(.stab)
 .stab          0x00000000      0xab0 ./Services/BCM/Source/BCM_Imp.o
 .stab          0x00000ab0      0x69c ./MCAL/USART/Source/USART_Imp.o
                                0x6a8 (size before relaxing)
 .stab          0x0000114c      0x444 ./MCAL/TMR2/Source/TMR2_Imp.o
                                0x450 (size before relaxing)
 .stab          0x00001590      0x480 ./MCAL/TMR1/Source/TMR1_Imp.o
                                0x48c (size before relaxing)
 .stab          0x00001a10      0x414 ./MCAL/TMR0/Source/TMR0_Imp.o
                                0x420 (size before relaxing)
 .stab          0x00001e24      0x384 ./MCAL/SPI/Source/SPI_Imp.o
                                0x390 (size before relaxing)
 .stab          0x000021a8      0x8dc ./MCAL/I2C/Source/I2C_Imp.o
                                0x8e8 (size before relaxing)
 .stab          0x00002a84      0x1bc ./MCAL/GIE/Source/GIE_Imp.o
                                0x1c8 (size before relaxing)
 .stab          0x00002c40      0x63c ./MCAL/EXTI/Source/EXTI_Imp.o
                                0x648 (size before relaxing)
 .stab          0x0000327c      0x6c0 ./MCAL/DIO/Source/DIO_Imp.o
                                0x6cc (size before relaxing)
 .stab          0x0000393c      0x504 ./MCAL/ADC/Source/ADC_Imp.o
                                0x510 (size before relaxing)
 .stab          0x00003e40     0x14ac ./HAL/SevSeg/Source/SevSeg_Imp.o
                               0x14b8 (size before relaxing)
 .stab          0x000052ec     0x1380 ./HAL/LCD/Source/LCD_Imp.o
                               0x1518 (size before relaxing)
 .stab          0x0000666c      0x2a0 ./HAL/Keypad/Source/Keypad_Imp.o
                                0x2ac (size before relaxing)
 .stab          0x0000690c      0x354 ./App/main.o
                                0x360 (size before relaxing)

.stabstr        0x00000000     0x2da3
 *(.stabstr)
 .stabstr       0x00000000     0x2da3 ./Services/BCM/Source/BCM_Imp.o

.stab.excl
 *(.stab.excl)

.stab.exclstr
 *(.stab.exclstr)

.stab.index
 *(.stab.index)

.stab.indexstr
 *(.stab.indexstr)

.comment
 *(.comment)

.debug
 *(.debug)

.line
 *(.line)

.debug_srcinfo
 *(.debug_srcinfo)

.debug_sfnames
 *(.debug_sfnames)

.debug_aranges  0x00000000      0x1a0
 *(.debug_aranges)
 .debug_aranges
                0x00000000       0x20 d:/hazim/01- embedded systems avr tools/01- imt sdk/imt_sdk_win_64/imt_sdk_win_64/winavr/bin/../lib/gcc/avr/4.3.3/avr5\libgcc.a(_fixunssfsi.o)
 .debug_aranges
                0x00000020       0x20 d:/hazim/01- embedded systems avr tools/01- imt sdk/imt_sdk_win_64/imt_sdk_win_64/winavr/bin/../lib/gcc/avr/4.3.3/avr5\libgcc.a(_addsub_sf.o)
 .debug_aranges
                0x00000040       0x20 d:/hazim/01- embedded systems avr tools/01- imt sdk/imt_sdk_win_64/imt_sdk_win_64/winavr/bin/../lib/gcc/avr/4.3.3/avr5\libgcc.a(_mul_sf.o)
 .debug_aranges
                0x00000060       0x20 d:/hazim/01- embedded systems avr tools/01- imt sdk/imt_sdk_win_64/imt_sdk_win_64/winavr/bin/../lib/gcc/avr/4.3.3/avr5\libgcc.a(_div_sf.o)
 .debug_aranges
                0x00000080       0x20 d:/hazim/01- embedded systems avr tools/01- imt sdk/imt_sdk_win_64/imt_sdk_win_64/winavr/bin/../lib/gcc/avr/4.3.3/avr5\libgcc.a(_gt_sf.o)
 .debug_aranges
                0x000000a0       0x20 d:/hazim/01- embedded systems avr tools/01- imt sdk/imt_sdk_win_64/imt_sdk_win_64/winavr/bin/../lib/gcc/avr/4.3.3/avr5\libgcc.a(_ge_sf.o)
 .debug_aranges
                0x000000c0       0x20 d:/hazim/01- embedded systems avr tools/01- imt sdk/imt_sdk_win_64/imt_sdk_win_64/winavr/bin/../lib/gcc/avr/4.3.3/avr5\libgcc.a(_lt_sf.o)
 .debug_aranges
                0x000000e0       0x20 d:/hazim/01- embedded systems avr tools/01- imt sdk/imt_sdk_win_64/imt_sdk_win_64/winavr/bin/../lib/gcc/avr/4.3.3/avr5\libgcc.a(_sf_to_si.o)
 .debug_aranges
                0x00000100       0x20 d:/hazim/01- embedded systems avr tools/01- imt sdk/imt_sdk_win_64/imt_sdk_win_64/winavr/bin/../lib/gcc/avr/4.3.3/avr5\libgcc.a(_usi_to_sf.o)
 .debug_aranges
                0x00000120       0x20 d:/hazim/01- embedded systems avr tools/01- imt sdk/imt_sdk_win_64/imt_sdk_win_64/winavr/bin/../lib/gcc/avr/4.3.3/avr5\libgcc.a(_clzsi2.o)
 .debug_aranges
                0x00000140       0x20 d:/hazim/01- embedded systems avr tools/01- imt sdk/imt_sdk_win_64/imt_sdk_win_64/winavr/bin/../lib/gcc/avr/4.3.3/avr5\libgcc.a(_pack_sf.o)
 .debug_aranges
                0x00000160       0x20 d:/hazim/01- embedded systems avr tools/01- imt sdk/imt_sdk_win_64/imt_sdk_win_64/winavr/bin/../lib/gcc/avr/4.3.3/avr5\libgcc.a(_unpack_sf.o)
 .debug_aranges
                0x00000180       0x20 d:/hazim/01- embedded systems avr tools/01- imt sdk/imt_sdk_win_64/imt_sdk_win_64/winavr/bin/../lib/gcc/avr/4.3.3/avr5\libgcc.a(_fpcmp_parts_sf.o)

.debug_pubnames
                0x00000000      0x1f2
 *(.debug_pubnames)
 .debug_pubnames
                0x00000000       0x23 d:/hazim/01- embedded systems avr tools/01- imt sdk/imt_sdk_win_64/imt_sdk_win_64/winavr/bin/../lib/gcc/avr/4.3.3/avr5\libgcc.a(_fixunssfsi.o)
 .debug_pubnames
                0x00000023       0x2c d:/hazim/01- embedded systems avr tools/01- imt sdk/imt_sdk_win_64/imt_sdk_win_64/winavr/bin/../lib/gcc/avr/4.3.3/avr5\libgcc.a(_addsub_sf.o)
 .debug_pubnames
                0x0000004f       0x1f d:/hazim/01- embedded systems avr tools/01- imt sdk/imt_sdk_win_64/imt_sdk_win_64/winavr/bin/../lib/gcc/avr/4.3.3/avr5\libgcc.a(_mul_sf.o)
 .debug_pubnames
                0x0000006e       0x1f d:/hazim/01- embedded systems avr tools/01- imt sdk/imt_sdk_win_64/imt_sdk_win_64/winavr/bin/../lib/gcc/avr/4.3.3/avr5\libgcc.a(_div_sf.o)
 .debug_pubnames
                0x0000008d       0x1e d:/hazim/01- embedded systems avr tools/01- imt sdk/imt_sdk_win_64/imt_sdk_win_64/winavr/bin/../lib/gcc/avr/4.3.3/avr5\libgcc.a(_gt_sf.o)
 .debug_pubnames
                0x000000ab       0x1e d:/hazim/01- embedded systems avr tools/01- imt sdk/imt_sdk_win_64/imt_sdk_win_64/winavr/bin/../lib/gcc/avr/4.3.3/avr5\libgcc.a(_ge_sf.o)
 .debug_pubnames
                0x000000c9       0x1e d:/hazim/01- embedded systems avr tools/01- imt sdk/imt_sdk_win_64/imt_sdk_win_64/winavr/bin/../lib/gcc/avr/4.3.3/avr5\libgcc.a(_lt_sf.o)
 .debug_pubnames
                0x000000e7       0x20 d:/hazim/01- embedded systems avr tools/01- imt sdk/imt_sdk_win_64/imt_sdk_win_64/winavr/bin/../lib/gcc/avr/4.3.3/avr5\libgcc.a(_sf_to_si.o)
 .debug_pubnames
                0x00000107       0x22 d:/hazim/01- embedded systems avr tools/01- imt sdk/imt_sdk_win_64/imt_sdk_win_64/winavr/bin/../lib/gcc/avr/4.3.3/avr5\libgcc.a(_thenan_sf.o)
 .debug_pubnames
                0x00000129       0x24 d:/hazim/01- embedded systems avr tools/01- imt sdk/imt_sdk_win_64/imt_sdk_win_64/winavr/bin/../lib/gcc/avr/4.3.3/avr5\libgcc.a(_usi_to_sf.o)
 .debug_pubnames
                0x0000014d       0x1f d:/hazim/01- embedded systems avr tools/01- imt sdk/imt_sdk_win_64/imt_sdk_win_64/winavr/bin/../lib/gcc/avr/4.3.3/avr5\libgcc.a(_clzsi2.o)
 .debug_pubnames
                0x0000016c       0x1f d:/hazim/01- embedded systems avr tools/01- imt sdk/imt_sdk_win_64/imt_sdk_win_64/winavr/bin/../lib/gcc/avr/4.3.3/avr5\libgcc.a(_pack_sf.o)
 .debug_pubnames
                0x0000018b       0x21 d:/hazim/01- embedded systems avr tools/01- imt sdk/imt_sdk_win_64/imt_sdk_win_64/winavr/bin/../lib/gcc/avr/4.3.3/avr5\libgcc.a(_unpack_sf.o)
 .debug_pubnames
                0x000001ac       0x26 d:/hazim/01- embedded systems avr tools/01- imt sdk/imt_sdk_win_64/imt_sdk_win_64/winavr/bin/../lib/gcc/avr/4.3.3/avr5\libgcc.a(_fpcmp_parts_sf.o)
 .debug_pubnames
                0x000001d2       0x20 d:/hazim/01- embedded systems avr tools/01- imt sdk/imt_sdk_win_64/imt_sdk_win_64/winavr/bin/../lib/gcc/avr/4.3.3/avr5\libgcc.a(_clz.o)

.debug_info     0x00000000     0x240b
 *(.debug_info)
 .debug_info    0x00000000       0xb1 d:/hazim/01- embedded systems avr tools/01- imt sdk/imt_sdk_win_64/imt_sdk_win_64/winavr/bin/../lib/gcc/avr/4.3.3/avr5\libgcc.a(_fixunssfsi.o)
 .debug_info    0x000000b1      0x47a d:/hazim/01- embedded systems avr tools/01- imt sdk/imt_sdk_win_64/imt_sdk_win_64/winavr/bin/../lib/gcc/avr/4.3.3/avr5\libgcc.a(_addsub_sf.o)
 .debug_info    0x0000052b      0x485 d:/hazim/01- embedded systems avr tools/01- imt sdk/imt_sdk_win_64/imt_sdk_win_64/winavr/bin/../lib/gcc/avr/4.3.3/avr5\libgcc.a(_mul_sf.o)
 .debug_info    0x000009b0      0x3fc d:/hazim/01- embedded systems avr tools/01- imt sdk/imt_sdk_win_64/imt_sdk_win_64/winavr/bin/../lib/gcc/avr/4.3.3/avr5\libgcc.a(_div_sf.o)
 .debug_info    0x00000dac      0x27f d:/hazim/01- embedded systems avr tools/01- imt sdk/imt_sdk_win_64/imt_sdk_win_64/winavr/bin/../lib/gcc/avr/4.3.3/avr5\libgcc.a(_gt_sf.o)
 .debug_info    0x0000102b      0x27f d:/hazim/01- embedded systems avr tools/01- imt sdk/imt_sdk_win_64/imt_sdk_win_64/winavr/bin/../lib/gcc/avr/4.3.3/avr5\libgcc.a(_ge_sf.o)
 .debug_info    0x000012aa      0x27f d:/hazim/01- embedded systems avr tools/01- imt sdk/imt_sdk_win_64/imt_sdk_win_64/winavr/bin/../lib/gcc/avr/4.3.3/avr5\libgcc.a(_lt_sf.o)
 .debug_info    0x00001529      0x2b0 d:/hazim/01- embedded systems avr tools/01- imt sdk/imt_sdk_win_64/imt_sdk_win_64/winavr/bin/../lib/gcc/avr/4.3.3/avr5\libgcc.a(_sf_to_si.o)
 .debug_info    0x000017d9      0x12c d:/hazim/01- embedded systems avr tools/01- imt sdk/imt_sdk_win_64/imt_sdk_win_64/winavr/bin/../lib/gcc/avr/4.3.3/avr5\libgcc.a(_thenan_sf.o)
 .debug_info    0x00001905      0x206 d:/hazim/01- embedded systems avr tools/01- imt sdk/imt_sdk_win_64/imt_sdk_win_64/winavr/bin/../lib/gcc/avr/4.3.3/avr5\libgcc.a(_usi_to_sf.o)
 .debug_info    0x00001b0b      0x117 d:/hazim/01- embedded systems avr tools/01- imt sdk/imt_sdk_win_64/imt_sdk_win_64/winavr/bin/../lib/gcc/avr/4.3.3/avr5\libgcc.a(_clzsi2.o)
 .debug_info    0x00001c22      0x2df d:/hazim/01- embedded systems avr tools/01- imt sdk/imt_sdk_win_64/imt_sdk_win_64/winavr/bin/../lib/gcc/avr/4.3.3/avr5\libgcc.a(_pack_sf.o)
 .debug_info    0x00001f01      0x251 d:/hazim/01- embedded systems avr tools/01- imt sdk/imt_sdk_win_64/imt_sdk_win_64/winavr/bin/../lib/gcc/avr/4.3.3/avr5\libgcc.a(_unpack_sf.o)
 .debug_info    0x00002152      0x210 d:/hazim/01- embedded systems avr tools/01- imt sdk/imt_sdk_win_64/imt_sdk_win_64/winavr/bin/../lib/gcc/avr/4.3.3/avr5\libgcc.a(_fpcmp_parts_sf.o)
 .debug_info    0x00002362       0xa9 d:/hazim/01- embedded systems avr tools/01- imt sdk/imt_sdk_win_64/imt_sdk_win_64/winavr/bin/../lib/gcc/avr/4.3.3/avr5\libgcc.a(_clz.o)
 *(.gnu.linkonce.wi.*)

.debug_abbrev   0x00000000     0x1386
 *(.debug_abbrev)
 .debug_abbrev  0x00000000       0x5d d:/hazim/01- embedded systems avr tools/01- imt sdk/imt_sdk_win_64/imt_sdk_win_64/winavr/bin/../lib/gcc/avr/4.3.3/avr5\libgcc.a(_fixunssfsi.o)
 .debug_abbrev  0x0000005d      0x1ea d:/hazim/01- embedded systems avr tools/01- imt sdk/imt_sdk_win_64/imt_sdk_win_64/winavr/bin/../lib/gcc/avr/4.3.3/avr5\libgcc.a(_addsub_sf.o)
 .debug_abbrev  0x00000247      0x21b d:/hazim/01- embedded systems avr tools/01- imt sdk/imt_sdk_win_64/imt_sdk_win_64/winavr/bin/../lib/gcc/avr/4.3.3/avr5\libgcc.a(_mul_sf.o)
 .debug_abbrev  0x00000462      0x216 d:/hazim/01- embedded systems avr tools/01- imt sdk/imt_sdk_win_64/imt_sdk_win_64/winavr/bin/../lib/gcc/avr/4.3.3/avr5\libgcc.a(_div_sf.o)
 .debug_abbrev  0x00000678      0x15a d:/hazim/01- embedded systems avr tools/01- imt sdk/imt_sdk_win_64/imt_sdk_win_64/winavr/bin/../lib/gcc/avr/4.3.3/avr5\libgcc.a(_gt_sf.o)
 .debug_abbrev  0x000007d2      0x15a d:/hazim/01- embedded systems avr tools/01- imt sdk/imt_sdk_win_64/imt_sdk_win_64/winavr/bin/../lib/gcc/avr/4.3.3/avr5\libgcc.a(_ge_sf.o)
 .debug_abbrev  0x0000092c      0x15a d:/hazim/01- embedded systems avr tools/01- imt sdk/imt_sdk_win_64/imt_sdk_win_64/winavr/bin/../lib/gcc/avr/4.3.3/avr5\libgcc.a(_lt_sf.o)
 .debug_abbrev  0x00000a86      0x17f d:/hazim/01- embedded systems avr tools/01- imt sdk/imt_sdk_win_64/imt_sdk_win_64/winavr/bin/../lib/gcc/avr/4.3.3/avr5\libgcc.a(_sf_to_si.o)
 .debug_abbrev  0x00000c05       0xad d:/hazim/01- embedded systems avr tools/01- imt sdk/imt_sdk_win_64/imt_sdk_win_64/winavr/bin/../lib/gcc/avr/4.3.3/avr5\libgcc.a(_thenan_sf.o)
 .debug_abbrev  0x00000cb2      0x157 d:/hazim/01- embedded systems avr tools/01- imt sdk/imt_sdk_win_64/imt_sdk_win_64/winavr/bin/../lib/gcc/avr/4.3.3/avr5\libgcc.a(_usi_to_sf.o)
 .debug_abbrev  0x00000e09       0xc4 d:/hazim/01- embedded systems avr tools/01- imt sdk/imt_sdk_win_64/imt_sdk_win_64/winavr/bin/../lib/gcc/avr/4.3.3/avr5\libgcc.a(_clzsi2.o)
 .debug_abbrev  0x00000ecd      0x1c0 d:/hazim/01- embedded systems avr tools/01- imt sdk/imt_sdk_win_64/imt_sdk_win_64/winavr/bin/../lib/gcc/avr/4.3.3/avr5\libgcc.a(_pack_sf.o)
 .debug_abbrev  0x0000108d      0x154 d:/hazim/01- embedded systems avr tools/01- imt sdk/imt_sdk_win_64/imt_sdk_win_64/winavr/bin/../lib/gcc/avr/4.3.3/avr5\libgcc.a(_unpack_sf.o)
 .debug_abbrev  0x000011e1      0x13b d:/hazim/01- embedded systems avr tools/01- imt sdk/imt_sdk_win_64/imt_sdk_win_64/winavr/bin/../lib/gcc/avr/4.3.3/avr5\libgcc.a(_fpcmp_parts_sf.o)
 .debug_abbrev  0x0000131c       0x6a d:/hazim/01- embedded systems avr tools/01- imt sdk/imt_sdk_win_64/imt_sdk_win_64/winavr/bin/../lib/gcc/avr/4.3.3/avr5\libgcc.a(_clz.o)

.debug_line     0x00000000     0x11d6
 *(.debug_line)
 .debug_line    0x00000000       0xa7 d:/hazim/01- embedded systems avr tools/01- imt sdk/imt_sdk_win_64/imt_sdk_win_64/winavr/bin/../lib/gcc/avr/4.3.3/avr5\libgcc.a(_fixunssfsi.o)
 .debug_line    0x000000a7      0x2af d:/hazim/01- embedded systems avr tools/01- imt sdk/imt_sdk_win_64/imt_sdk_win_64/winavr/bin/../lib/gcc/avr/4.3.3/avr5\libgcc.a(_addsub_sf.o)
 .debug_line    0x00000356      0x239 d:/hazim/01- embedded systems avr tools/01- imt sdk/imt_sdk_win_64/imt_sdk_win_64/winavr/bin/../lib/gcc/avr/4.3.3/avr5\libgcc.a(_mul_sf.o)
 .debug_line    0x0000058f      0x1d5 d:/hazim/01- embedded systems avr tools/01- imt sdk/imt_sdk_win_64/imt_sdk_win_64/winavr/bin/../lib/gcc/avr/4.3.3/avr5\libgcc.a(_div_sf.o)
 .debug_line    0x00000764       0xd3 d:/hazim/01- embedded systems avr tools/01- imt sdk/imt_sdk_win_64/imt_sdk_win_64/winavr/bin/../lib/gcc/avr/4.3.3/avr5\libgcc.a(_gt_sf.o)
 .debug_line    0x00000837       0xd3 d:/hazim/01- embedded systems avr tools/01- imt sdk/imt_sdk_win_64/imt_sdk_win_64/winavr/bin/../lib/gcc/avr/4.3.3/avr5\libgcc.a(_ge_sf.o)
 .debug_line    0x0000090a       0xd3 d:/hazim/01- embedded systems avr tools/01- imt sdk/imt_sdk_win_64/imt_sdk_win_64/winavr/bin/../lib/gcc/avr/4.3.3/avr5\libgcc.a(_lt_sf.o)
 .debug_line    0x000009dd      0x109 d:/hazim/01- embedded systems avr tools/01- imt sdk/imt_sdk_win_64/imt_sdk_win_64/winavr/bin/../lib/gcc/avr/4.3.3/avr5\libgcc.a(_sf_to_si.o)
 .debug_line    0x00000ae6       0x90 d:/hazim/01- embedded systems avr tools/01- imt sdk/imt_sdk_win_64/imt_sdk_win_64/winavr/bin/../lib/gcc/avr/4.3.3/avr5\libgcc.a(_thenan_sf.o)
 .debug_line    0x00000b76      0x133 d:/hazim/01- embedded systems avr tools/01- imt sdk/imt_sdk_win_64/imt_sdk_win_64/winavr/bin/../lib/gcc/avr/4.3.3/avr5\libgcc.a(_usi_to_sf.o)
 .debug_line    0x00000ca9       0xa5 d:/hazim/01- embedded systems avr tools/01- imt sdk/imt_sdk_win_64/imt_sdk_win_64/winavr/bin/../lib/gcc/avr/4.3.3/avr5\libgcc.a(_clzsi2.o)
 .debug_line    0x00000d4e      0x18a d:/hazim/01- embedded systems avr tools/01- imt sdk/imt_sdk_win_64/imt_sdk_win_64/winavr/bin/../lib/gcc/avr/4.3.3/avr5\libgcc.a(_pack_sf.o)
 .debug_line    0x00000ed8      0x14b d:/hazim/01- embedded systems avr tools/01- imt sdk/imt_sdk_win_64/imt_sdk_win_64/winavr/bin/../lib/gcc/avr/4.3.3/avr5\libgcc.a(_unpack_sf.o)
 .debug_line    0x00001023      0x137 d:/hazim/01- embedded systems avr tools/01- imt sdk/imt_sdk_win_64/imt_sdk_win_64/winavr/bin/../lib/gcc/avr/4.3.3/avr5\libgcc.a(_fpcmp_parts_sf.o)
 .debug_line    0x0000115a       0x7c d:/hazim/01- embedded systems avr tools/01- imt sdk/imt_sdk_win_64/imt_sdk_win_64/winavr/bin/../lib/gcc/avr/4.3.3/avr5\libgcc.a(_clz.o)

.debug_frame    0x00000000      0x1c0
 *(.debug_frame)
 .debug_frame   0x00000000       0x20 d:/hazim/01- embedded systems avr tools/01- imt sdk/imt_sdk_win_64/imt_sdk_win_64/winavr/bin/../lib/gcc/avr/4.3.3/avr5\libgcc.a(_fixunssfsi.o)
 .debug_frame   0x00000020       0x40 d:/hazim/01- embedded systems avr tools/01- imt sdk/imt_sdk_win_64/imt_sdk_win_64/winavr/bin/../lib/gcc/avr/4.3.3/avr5\libgcc.a(_addsub_sf.o)
 .debug_frame   0x00000060       0x20 d:/hazim/01- embedded systems avr tools/01- imt sdk/imt_sdk_win_64/imt_sdk_win_64/winavr/bin/../lib/gcc/avr/4.3.3/avr5\libgcc.a(_mul_sf.o)
 .debug_frame   0x00000080       0x20 d:/hazim/01- embedded systems avr tools/01- imt sdk/imt_sdk_win_64/imt_sdk_win_64/winavr/bin/../lib/gcc/avr/4.3.3/avr5\libgcc.a(_div_sf.o)
 .debug_frame   0x000000a0       0x20 d:/hazim/01- embedded systems avr tools/01- imt sdk/imt_sdk_win_64/imt_sdk_win_64/winavr/bin/../lib/gcc/avr/4.3.3/avr5\libgcc.a(_gt_sf.o)
 .debug_frame   0x000000c0       0x20 d:/hazim/01- embedded systems avr tools/01- imt sdk/imt_sdk_win_64/imt_sdk_win_64/winavr/bin/../lib/gcc/avr/4.3.3/avr5\libgcc.a(_ge_sf.o)
 .debug_frame   0x000000e0       0x20 d:/hazim/01- embedded systems avr tools/01- imt sdk/imt_sdk_win_64/imt_sdk_win_64/winavr/bin/../lib/gcc/avr/4.3.3/avr5\libgcc.a(_lt_sf.o)
 .debug_frame   0x00000100       0x20 d:/hazim/01- embedded systems avr tools/01- imt sdk/imt_sdk_win_64/imt_sdk_win_64/winavr/bin/../lib/gcc/avr/4.3.3/avr5\libgcc.a(_sf_to_si.o)
 .debug_frame   0x00000120       0x20 d:/hazim/01- embedded systems avr tools/01- imt sdk/imt_sdk_win_64/imt_sdk_win_64/winavr/bin/../lib/gcc/avr/4.3.3/avr5\libgcc.a(_usi_to_sf.o)
 .debug_frame   0x00000140       0x20 d:/hazim/01- embedded systems avr tools/01- imt sdk/imt_sdk_win_64/imt_sdk_win_64/winavr/bin/../lib/gcc/avr/4.3.3/avr5\libgcc.a(_clzsi2.o)
 .debug_frame   0x00000160       0x20 d:/hazim/01- embedded systems avr tools/01- imt sdk/imt_sdk_win_64/imt_sdk_win_64/winavr/bin/../lib/gcc/avr/4.3.3/avr5\libgcc.a(_pack_sf.o)
 .debug_frame   0x00000180       0x20 d:/hazim/01- embedded systems avr tools/01- imt sdk/imt_sdk_win_64/imt_sdk_win_64/winavr/bin/../lib/gcc/avr/4.3.3/avr5\libgcc.a(_unpack_sf.o)
 .debug_frame   0x000001a0       0x20 d:/hazim/01- embedded systems avr tools/01- imt sdk/imt_sdk_win_64/imt_sdk_win_64/winavr/bin/../lib/gcc/avr/4.3.3/avr5\libgcc.a(_fpcmp_parts_sf.o)

.debug_str      0x00000000      0x2f6
 *(.debug_str)
 .debug_str     0x00000000       0xbf d:/hazim/01- embedded systems avr tools/01- imt sdk/imt_sdk_win_64/imt_sdk_win_64/winavr/bin/../lib/gcc/avr/4.3.3/avr5\libgcc.a(_fixunssfsi.o)
                                 0xfe (size before relaxing)
 .debug_str     0x000000bf      0x14d d:/hazim/01- embedded systems avr tools/01- imt sdk/imt_sdk_win_64/imt_sdk_win_64/winavr/bin/../lib/gcc/avr/4.3.3/avr5\libgcc.a(_addsub_sf.o)
                                0x206 (size before relaxing)
 .debug_str     0x0000020c       0x27 d:/hazim/01- embedded systems avr tools/01- imt sdk/imt_sdk_win_64/imt_sdk_win_64/winavr/bin/../lib/gcc/avr/4.3.3/avr5\libgcc.a(_mul_sf.o)
                                0x1bf (size before relaxing)
 .debug_str     0x00000233       0x35 d:/hazim/01- embedded systems avr tools/01- imt sdk/imt_sdk_win_64/imt_sdk_win_64/winavr/bin/../lib/gcc/avr/4.3.3/avr5\libgcc.a(_div_sf.o)
                                0x1c8 (size before relaxing)
 .debug_str     0x00000268        0x8 d:/hazim/01- embedded systems avr tools/01- imt sdk/imt_sdk_win_64/imt_sdk_win_64/winavr/bin/../lib/gcc/avr/4.3.3/avr5\libgcc.a(_gt_sf.o)
                                0x195 (size before relaxing)
 .debug_str     0x00000270        0x8 d:/hazim/01- embedded systems avr tools/01- imt sdk/imt_sdk_win_64/imt_sdk_win_64/winavr/bin/../lib/gcc/avr/4.3.3/avr5\libgcc.a(_ge_sf.o)
                                0x195 (size before relaxing)
 .debug_str     0x00000278        0x8 d:/hazim/01- embedded systems avr tools/01- imt sdk/imt_sdk_win_64/imt_sdk_win_64/winavr/bin/../lib/gcc/avr/4.3.3/avr5\libgcc.a(_lt_sf.o)
                                0x195 (size before relaxing)
 .debug_str     0x00000280        0xa d:/hazim/01- embedded systems avr tools/01- imt sdk/imt_sdk_win_64/imt_sdk_win_64/winavr/bin/../lib/gcc/avr/4.3.3/avr5\libgcc.a(_sf_to_si.o)
                                0x19e (size before relaxing)
 .debug_str     0x00000000      0x103 d:/hazim/01- embedded systems avr tools/01- imt sdk/imt_sdk_win_64/imt_sdk_win_64/winavr/bin/../lib/gcc/avr/4.3.3/avr5\libgcc.a(_thenan_sf.o)
 .debug_str     0x0000028a       0x21 d:/hazim/01- embedded systems avr tools/01- imt sdk/imt_sdk_win_64/imt_sdk_win_64/winavr/bin/../lib/gcc/avr/4.3.3/avr5\libgcc.a(_usi_to_sf.o)
                                0x177 (size before relaxing)
 .debug_str     0x000002ab       0x20 d:/hazim/01- embedded systems avr tools/01- imt sdk/imt_sdk_win_64/imt_sdk_win_64/winavr/bin/../lib/gcc/avr/4.3.3/avr5\libgcc.a(_clzsi2.o)
                                0x111 (size before relaxing)
 .debug_str     0x000002cb       0x10 d:/hazim/01- embedded systems avr tools/01- imt sdk/imt_sdk_win_64/imt_sdk_win_64/winavr/bin/../lib/gcc/avr/4.3.3/avr5\libgcc.a(_pack_sf.o)
                                0x19d (size before relaxing)
 .debug_str     0x000002db        0xb d:/hazim/01- embedded systems avr tools/01- imt sdk/imt_sdk_win_64/imt_sdk_win_64/winavr/bin/../lib/gcc/avr/4.3.3/avr5\libgcc.a(_unpack_sf.o)
                                0x17f (size before relaxing)
 .debug_str     0x000002e6       0x10 d:/hazim/01- embedded systems avr tools/01- imt sdk/imt_sdk_win_64/imt_sdk_win_64/winavr/bin/../lib/gcc/avr/4.3.3/avr5\libgcc.a(_fpcmp_parts_sf.o)
                                0x163 (size before relaxing)
 .debug_str     0x00000000       0xf4 d:/hazim/01- embedded systems avr tools/01- imt sdk/imt_sdk_win_64/imt_sdk_win_64/winavr/bin/../lib/gcc/avr/4.3.3/avr5\libgcc.a(_clz.o)

.debug_loc      0x00000000      0x96e
 *(.debug_loc)
 .debug_loc     0x00000000       0x34 d:/hazim/01- embedded systems avr tools/01- imt sdk/imt_sdk_win_64/imt_sdk_win_64/winavr/bin/../lib/gcc/avr/4.3.3/avr5\libgcc.a(_fixunssfsi.o)
 .debug_loc     0x00000034      0x32a d:/hazim/01- embedded systems avr tools/01- imt sdk/imt_sdk_win_64/imt_sdk_win_64/winavr/bin/../lib/gcc/avr/4.3.3/avr5\libgcc.a(_addsub_sf.o)
 .debug_loc     0x0000035e      0x104 d:/hazim/01- embedded systems avr tools/01- imt sdk/imt_sdk_win_64/imt_sdk_win_64/winavr/bin/../lib/gcc/avr/4.3.3/avr5\libgcc.a(_mul_sf.o)
 .debug_loc     0x00000462       0xc0 d:/hazim/01- embedded systems avr tools/01- imt sdk/imt_sdk_win_64/imt_sdk_win_64/winavr/bin/../lib/gcc/avr/4.3.3/avr5\libgcc.a(_div_sf.o)
 .debug_loc     0x00000522       0x3c d:/hazim/01- embedded systems avr tools/01- imt sdk/imt_sdk_win_64/imt_sdk_win_64/winavr/bin/../lib/gcc/avr/4.3.3/avr5\libgcc.a(_gt_sf.o)
 .debug_loc     0x0000055e       0x3c d:/hazim/01- embedded systems avr tools/01- imt sdk/imt_sdk_win_64/imt_sdk_win_64/winavr/bin/../lib/gcc/avr/4.3.3/avr5\libgcc.a(_ge_sf.o)
 .debug_loc     0x0000059a       0x3c d:/hazim/01- embedded systems avr tools/01- imt sdk/imt_sdk_win_64/imt_sdk_win_64/winavr/bin/../lib/gcc/avr/4.3.3/avr5\libgcc.a(_lt_sf.o)
 .debug_loc     0x000005d6       0x7e d:/hazim/01- embedded systems avr tools/01- imt sdk/imt_sdk_win_64/imt_sdk_win_64/winavr/bin/../lib/gcc/avr/4.3.3/avr5\libgcc.a(_sf_to_si.o)
 .debug_loc     0x00000654       0x4c d:/hazim/01- embedded systems avr tools/01- imt sdk/imt_sdk_win_64/imt_sdk_win_64/winavr/bin/../lib/gcc/avr/4.3.3/avr5\libgcc.a(_usi_to_sf.o)
 .debug_loc     0x000006a0       0x94 d:/hazim/01- embedded systems avr tools/01- imt sdk/imt_sdk_win_64/imt_sdk_win_64/winavr/bin/../lib/gcc/avr/4.3.3/avr5\libgcc.a(_clzsi2.o)
 .debug_loc     0x00000734      0x13e d:/hazim/01- embedded systems avr tools/01- imt sdk/imt_sdk_win_64/imt_sdk_win_64/winavr/bin/../lib/gcc/avr/4.3.3/avr5\libgcc.a(_pack_sf.o)
 .debug_loc     0x00000872       0xac d:/hazim/01- embedded systems avr tools/01- imt sdk/imt_sdk_win_64/imt_sdk_win_64/winavr/bin/../lib/gcc/avr/4.3.3/avr5\libgcc.a(_unpack_sf.o)
 .debug_loc     0x0000091e       0x50 d:/hazim/01- embedded systems avr tools/01- imt sdk/imt_sdk_win_64/imt_sdk_win_64/winavr/bin/../lib/gcc/avr/4.3.3/avr5\libgcc.a(_fpcmp_parts_sf.o)

.debug_macinfo
 *(.debug_macinfo)
OUTPUT(BasicCommStack.elf elf32-avr)
LOAD linker stubs

.debug_ranges   0x00000000       0x50
 .debug_ranges  0x00000000       0x50 d:/hazim/01- embedded systems avr tools/01- imt sdk/imt_sdk_win_64/imt_sdk_win_64/winavr/bin/../lib/gcc/avr/4.3.3/avr5\libgcc.a(_mul_sf.o)
